Archive member included because of file (symbol)

D:/NXP/S32DS_ARM_v2.2/S32DS/build_tools/gcc_v4.9/gcc-arm-none-eabi-4_9/arm-none-eabi/newlib/lib/armv7e-m\libc.a(lib_a-exit.o)
                              D:/NXP/S32DS_ARM_v2.2/S32DS/build_tools/gcc_v4.9/gcc-arm-none-eabi-4_9/arm-none-eabi/newlib/lib/armv7e-m/crt0.o (exit)
D:/NXP/S32DS_ARM_v2.2/S32DS/build_tools/gcc_v4.9/gcc-arm-none-eabi-4_9/arm-none-eabi/newlib/lib/armv7e-m\libc.a(lib_a-impure.o)
                              D:/NXP/S32DS_ARM_v2.2/S32DS/build_tools/gcc_v4.9/gcc-arm-none-eabi-4_9/arm-none-eabi/newlib/lib/armv7e-m\libc.a(lib_a-exit.o) (_global_impure_ptr)
D:/NXP/S32DS_ARM_v2.2/S32DS/build_tools/gcc_v4.9/gcc-arm-none-eabi-4_9/arm-none-eabi/newlib/lib/armv7e-m\libc.a(lib_a-init.o)
                              D:/NXP/S32DS_ARM_v2.2/S32DS/build_tools/gcc_v4.9/gcc-arm-none-eabi-4_9/arm-none-eabi/newlib/lib/armv7e-m/crt0.o (__libc_init_array)
D:/NXP/S32DS_ARM_v2.2/S32DS/build_tools/gcc_v4.9/gcc-arm-none-eabi-4_9/arm-none-eabi/newlib/lib/armv7e-m\libc.a(lib_a-memset.o)
                              D:/NXP/S32DS_ARM_v2.2/S32DS/build_tools/gcc_v4.9/gcc-arm-none-eabi-4_9/arm-none-eabi/newlib/lib/armv7e-m/crt0.o (memset)
D:/NXP/S32DS_ARM_v2.2/S32DS/build_tools/gcc_v4.9/gcc-arm-none-eabi-4_9/arm-none-eabi/newlib/lib/armv7e-m\libc.a(lib_a-sprintf.o)
                              ./src/main.o (sprintf)
D:/NXP/S32DS_ARM_v2.2/S32DS/build_tools/gcc_v4.9/gcc-arm-none-eabi-4_9/arm-none-eabi/newlib/lib/armv7e-m\libc.a(lib_a-svfprintf.o)
                              D:/NXP/S32DS_ARM_v2.2/S32DS/build_tools/gcc_v4.9/gcc-arm-none-eabi-4_9/arm-none-eabi/newlib/lib/armv7e-m\libc.a(lib_a-sprintf.o) (_svfprintf_r)
D:/NXP/S32DS_ARM_v2.2/S32DS/build_tools/gcc_v4.9/gcc-arm-none-eabi-4_9/arm-none-eabi/newlib/lib/armv7e-m\libc.a(lib_a-__call_atexit.o)
                              D:/NXP/S32DS_ARM_v2.2/S32DS/build_tools/gcc_v4.9/gcc-arm-none-eabi-4_9/arm-none-eabi/newlib/lib/armv7e-m\libc.a(lib_a-exit.o) (__call_exitprocs)
D:/NXP/S32DS_ARM_v2.2/S32DS/build_tools/gcc_v4.9/gcc-arm-none-eabi-4_9/arm-none-eabi/newlib/lib/armv7e-m\libc.a(lib_a-atexit.o)
                              D:/NXP/S32DS_ARM_v2.2/S32DS/build_tools/gcc_v4.9/gcc-arm-none-eabi-4_9/arm-none-eabi/newlib/lib/armv7e-m\libc.a(lib_a-__call_atexit.o) (atexit)
D:/NXP/S32DS_ARM_v2.2/S32DS/build_tools/gcc_v4.9/gcc-arm-none-eabi-4_9/arm-none-eabi/newlib/lib/armv7e-m\libc.a(lib_a-dtoa.o)
                              D:/NXP/S32DS_ARM_v2.2/S32DS/build_tools/gcc_v4.9/gcc-arm-none-eabi-4_9/arm-none-eabi/newlib/lib/armv7e-m\libc.a(lib_a-svfprintf.o) (_dtoa_r)
D:/NXP/S32DS_ARM_v2.2/S32DS/build_tools/gcc_v4.9/gcc-arm-none-eabi-4_9/arm-none-eabi/newlib/lib/armv7e-m\libc.a(lib_a-fini.o)
                              D:/NXP/S32DS_ARM_v2.2/S32DS/build_tools/gcc_v4.9/gcc-arm-none-eabi-4_9/arm-none-eabi/newlib/lib/armv7e-m\libc.a(lib_a-__call_atexit.o) (__libc_fini_array)
D:/NXP/S32DS_ARM_v2.2/S32DS/build_tools/gcc_v4.9/gcc-arm-none-eabi-4_9/arm-none-eabi/newlib/lib/armv7e-m\libc.a(lib_a-locale.o)
                              D:/NXP/S32DS_ARM_v2.2/S32DS/build_tools/gcc_v4.9/gcc-arm-none-eabi-4_9/arm-none-eabi/newlib/lib/armv7e-m\libc.a(lib_a-svfprintf.o) (_localeconv_r)
D:/NXP/S32DS_ARM_v2.2/S32DS/build_tools/gcc_v4.9/gcc-arm-none-eabi-4_9/arm-none-eabi/newlib/lib/armv7e-m\libc.a(lib_a-mallocr.o)
                              D:/NXP/S32DS_ARM_v2.2/S32DS/build_tools/gcc_v4.9/gcc-arm-none-eabi-4_9/arm-none-eabi/newlib/lib/armv7e-m\libc.a(lib_a-svfprintf.o) (_malloc_r)
D:/NXP/S32DS_ARM_v2.2/S32DS/build_tools/gcc_v4.9/gcc-arm-none-eabi-4_9/arm-none-eabi/newlib/lib/armv7e-m\libc.a(lib_a-memchr.o)
                              D:/NXP/S32DS_ARM_v2.2/S32DS/build_tools/gcc_v4.9/gcc-arm-none-eabi-4_9/arm-none-eabi/newlib/lib/armv7e-m\libc.a(lib_a-svfprintf.o) (memchr)
D:/NXP/S32DS_ARM_v2.2/S32DS/build_tools/gcc_v4.9/gcc-arm-none-eabi-4_9/arm-none-eabi/newlib/lib/armv7e-m\libc.a(lib_a-memcpy.o)
                              D:/NXP/S32DS_ARM_v2.2/S32DS/build_tools/gcc_v4.9/gcc-arm-none-eabi-4_9/arm-none-eabi/newlib/lib/armv7e-m\libc.a(lib_a-dtoa.o) (memcpy)
D:/NXP/S32DS_ARM_v2.2/S32DS/build_tools/gcc_v4.9/gcc-arm-none-eabi-4_9/arm-none-eabi/newlib/lib/armv7e-m\libc.a(lib_a-mlock.o)
                              D:/NXP/S32DS_ARM_v2.2/S32DS/build_tools/gcc_v4.9/gcc-arm-none-eabi-4_9/arm-none-eabi/newlib/lib/armv7e-m\libc.a(lib_a-mallocr.o) (__malloc_lock)
D:/NXP/S32DS_ARM_v2.2/S32DS/build_tools/gcc_v4.9/gcc-arm-none-eabi-4_9/arm-none-eabi/newlib/lib/armv7e-m\libc.a(lib_a-mprec.o)
                              D:/NXP/S32DS_ARM_v2.2/S32DS/build_tools/gcc_v4.9/gcc-arm-none-eabi-4_9/arm-none-eabi/newlib/lib/armv7e-m\libc.a(lib_a-dtoa.o) (_Balloc)
D:/NXP/S32DS_ARM_v2.2/S32DS/build_tools/gcc_v4.9/gcc-arm-none-eabi-4_9/arm-none-eabi/newlib/lib/armv7e-m\libc.a(lib_a-s_fpclassify.o)
[...]
Memory Configuration

Name             Origin             Length             Attributes
m_interrupts     0x1fff8000         0x00000400         xr
m_text           0x1fff8400         0x00007c00         xr
m_data           0x20000000         0x00007000         rw
*default*        0x00000000         0xffffffff

Linker script and memory map

LOAD d:/nxp/s32ds_arm_v2.2/s32ds/build_tools/gcc_v4.9/gcc-arm-none-eabi-4_9/bin/../lib/gcc/arm-none-eabi/4.9.3/armv7e-m/crti.o
LOAD d:/nxp/s32ds_arm_v2.2/s32ds/build_tools/gcc_v4.9/gcc-arm-none-eabi-4_9/bin/../lib/gcc/arm-none-eabi/4.9.3/armv7e-m/crtbegin.o
LOAD D:/NXP/S32DS_ARM_v2.2/S32DS/build_tools/gcc_v4.9/gcc-arm-none-eabi-4_9/arm-none-eabi/newlib/lib/armv7e-m/crt0.o
LOAD ./Autosar/Det/src/Det.o
LOAD ./Autosar/Gpt/src/EcuM.o
LOAD ./Autosar/Gpt/src/Gpt.o
LOAD ./Autosar/Gpt/src/Gpt_Cfg.o
LOAD ./Autosar/Gpt/src/Gpt_Ftm.o
LOAD ./Autosar/Gpt/src/Gpt_Ipw.o
LOAD ./Autosar/Gpt/src/Gpt_LPit.o
LOAD ./Autosar/Gpt/src/Gpt_Lptmr.o
LOAD ./Autosar/Gpt/src/Gpt_PBcfg.o
LOAD ./Autosar/Gpt/src/Gpt_SRtc.o
LOAD ./Autosar/Gpt/src/SchM_Gpt.o
LOAD ./Autosar/Mcl/src/CDD_Mcl.o
LOAD ./Autosar/Mcl/src/CDD_Mcl_Cfg.o
LOAD ./Autosar/Mcl/src/CDD_Mcl_PBcfg.o
LOAD ./Autosar/Mcl/src/Ftm_Common.o
LOAD ./Autosar/Mcl/src/LPit_Common.o
LOAD ./Autosar/Mcl/src/Lptmr_Common.o
LOAD ./Autosar/Mcl/src/SchM_Mcl.o
LOAD ./Autosar/Mcu/src/Mcu.o
LOAD ./Autosar/Mcu/src/Mcu_Exe.o
LOAD ./Autosar/Mcu/src/Mcu_PBcfg.o
LOAD ./Autosar/Mcu/src/Mcu_PCC.o
LOAD ./Autosar/Mcu/src/Mcu_PMC.o
LOAD ./Autosar/Mcu/src/Mcu_RCM.o
LOAD ./Autosar/Mcu/src/Mcu_SCG.o
LOAD ./Autosar/Mcu/src/Mcu_SIM.o
LOAD ./Autosar/Mcu/src/Mcu_SMC.o
LOAD ./Project_Settings/Startup_Code/startup.o
LOAD ./Project_Settings/Startup_Code/startup_S32K144.o
LOAD ./Project_Settings/Startup_Code/system_S32K144.o
LOAD ./src/main.o
LOAD ./src/uart.o
START GROUP
LOAD d:/nxp/s32ds_arm_v2.2/s32ds/build_tools/gcc_v4.9/gcc-arm-none-eabi-4_9/bin/../lib/gcc/arm-none-eabi/4.9.3/armv7e-m\libgcc.a
LOAD D:/NXP/S32DS_ARM_v2.2/S32DS/build_tools/gcc_v4.9/gcc-arm-none-eabi-4_9/arm-none-eabi/newlib/lib/armv7e-m\libc.a
END GROUP
START GROUP
LOAD d:/nxp/s32ds_arm_v2.2/s32ds/build_tools/gcc_v4.9/gcc-arm-none-eabi-4_9/bin/../lib/gcc/arm-none-eabi/4.9.3/armv7e-m\libgcc.a
LOAD D:/NXP/S32DS_ARM_v2.2/S32DS/build_tools/gcc_v4.9/gcc-arm-none-eabi-4_9/arm-none-eabi/newlib/lib/armv7e-m\libc.a
LOAD D:/NXP/S32DS_ARM_v2.2/S32DS/build_tools/gcc_v4.9/gcc-arm-none-eabi-4_9/arm-none-eabi/newlib/lib/armv7e-m\libnosys.a
END GROUP
LOAD d:/nxp/s32ds_arm_v2.2/s32ds/build_tools/gcc_v4.9/gcc-arm-none-eabi-4_9/bin/../lib/gcc/arm-none-eabi/4.9.3/armv7e-m/crtend.o
LOAD d:/nxp/s32ds_arm_v2.2/s32ds/build_tools/gcc_v4.9/gcc-arm-none-eabi-4_9/bin/../lib/gcc/arm-none-eabi/4.9.3/armv7e-m/crtn.o
                0x00000400                HEAP_SIZE = DEFINED (__heap_size__)?__heap_size__:0x400
                0x00000400                STACK_SIZE = DEFINED (__stack_size__)?__stack_size__:0x400

.interrupts     0x1fff8000      0x400
                0x1fff8000                __VECTOR_TABLE = .
                0x1fff8000                __interrupts_start__ = .
                0x1fff8000                . = ALIGN (0x4)
 *(.isr_vector)
 .isr_vector    0x1fff8000      0x400 ./Project_Settings/Startup_Code/startup_S32K144.o
                0x1fff8000                __isr_vector
                0x1fff8400                __interrupts_end__ = .
                0x1fff8400                . = ALIGN (0x4)
                0x1fff8000                __VECTOR_RAM = __VECTOR_TABLE
                0x00000000                __RAM_VECTOR_TABLE_SIZE = 0x0

.text           0x1fff8400     0x7668
                0x1fff8400                . = ALIGN (0x4)
 *(.text)
 .text          0x1fff8400       0x5c d:/nxp/s32ds_arm_v2.2/s32ds/build_tools/gcc_v4.9/gcc-arm-none-eabi-4_9/bin/../lib/gcc/arm-none-eabi/4.9.3/armv7e-m/crtbegin.o
 .text          0x1fff845c       0x44 ./Project_Settings/Startup_Code/startup_S32K144.o
                0x1fff845c                Reset_Handler
                0x1fff849c                DebugMon_Handler
                0x1fff849c                Reserved88_IRQHandler
                0x1fff849c                CAN0_ORed_IRQHandler
                0x1fff849c                HardFault_Handler
                0x1fff849c                Reserved86_IRQHandler
                0x1fff849c                Reserved103_IRQHandler
                0x1fff849c                SysTick_Handler
                0x1fff849c                FTM2_Ovf_Reload_IRQHandler
                0x1fff849c                Reserved50_IRQHandler
                0x1fff849c                FTFC_Fault_IRQHandler
                0x1fff849c                FTM0_Ch6_Ch7_IRQHandler
                0x1fff849c                Reserved114_IRQHandler
                0x1fff849c                PendSV_Handler
                0x1fff849c                NMI_Handler
                0x1fff849c                Reserved89_IRQHandler
                0x1fff849c                ERM_double_fault_IRQHandler
                0x1fff849c                DMA2_IRQHandler
                0x1fff849c                Reserved59_IRQHandler
                0x1fff849c                LPIT0_Ch0_IRQHandler
                0x1fff849c                Reserved99_IRQHandler
                0x1fff849c                FTM3_Ch6_Ch7_IRQHandler
                0x1fff849c                CAN2_ORed_0_15_MB_IRQHandler
                0x1fff849c                LPIT0_Ch3_IRQHandler
                0x1fff849c                Reserved92_IRQHandler
                0x1fff849c                FTM0_Ch4_Ch5_IRQHandler
                0x1fff849c                CAN1_Error_IRQHandler
                0x1fff849c                FTM3_Ch0_Ch1_IRQHandler
                0x1fff849c                SWI_IRQHandler
                0x1fff849c                ADC0_IRQHandler
                0x1fff849c                FTM2_Ch4_Ch5_IRQHandler
                0x1fff849c                UsageFault_Handler
                0x1fff849c                FTM0_Ovf_Reload_IRQHandler
                0x1fff849c                DefaultISR
                0x1fff849c                DMA9_IRQHandler
                0x1fff849c                Reserved58_IRQHandler
                0x1fff849c                CAN1_ORed_0_15_MB_IRQHandler
                0x1fff849c                FTM1_Ch2_Ch3_IRQHandler
                0x1fff849c                DMA14_IRQHandler
                0x1fff849c                Reserved82_IRQHandler
                0x1fff849c                CAN0_ORed_16_31_MB_IRQHandler
                0x1fff849c                LPI2C0_Slave_IRQHandler
                0x1fff849c                Reserved71_IRQHandler
                0x1fff849c                PORTD_IRQHandler
                0x1fff849c                Reserved69_IRQHandler
                0x1fff849c                PORTB_IRQHandler
                0x1fff849c                Reserved70_IRQHandler
                0x1fff849c                ADC1_IRQHandler
                0x1fff849c                FTM2_Ch2_Ch3_IRQHandler
                0x1fff849c                Reserved53_IRQHandler
                0x1fff849c                DMA5_IRQHandler
                0x1fff849c                RTC_IRQHandler
                0x1fff849c                PDB0_IRQHandler
                0x1fff849c                Reserved54_IRQHandler
                0x1fff849c                FTM2_Ch6_Ch7_IRQHandler
                0x1fff849c                FTM3_Ch2_Ch3_IRQHandler
                0x1fff849c                FTM2_Ch0_Ch1_IRQHandler
                0x1fff849c                LPSPI1_IRQHandler
                0x1fff849c                LPUART1_RxTx_IRQHandler
                0x1fff849c                RTC_Seconds_IRQHandler
                0x1fff849c                CAN2_ORed_IRQHandler
                0x1fff849c                Reserved72_IRQHandler
                0x1fff849c                Reserved110_IRQHandler
                0x1fff849c                DMA11_IRQHandler
                0x1fff849c                Reserved107_IRQHandler
                0x1fff849c                Read_Collision_IRQHandler
                0x1fff849c                CAN2_Error_IRQHandler
                0x1fff849c                FTFC_IRQHandler
                0x1fff849c                DMA7_IRQHandler
                0x1fff849c                FTM1_Ch6_Ch7_IRQHandler
                0x1fff849c                Reserved105_IRQHandler
                0x1fff849c                LPIT0_Ch1_IRQHandler
                0x1fff849c                FTM1_Ch4_Ch5_IRQHandler
                0x1fff849c                FTM3_Ovf_Reload_IRQHandler
                0x1fff849c                LPUART2_RxTx_IRQHandler
                0x1fff849c                LPSPI0_IRQHandler
                0x1fff849c                WDOG_EWM_IRQHandler
                0x1fff849c                MemManage_Handler
                0x1fff849c                Reserved90_IRQHandler
                0x1fff849c                Reserved83_IRQHandler
                0x1fff849c                FTM0_Fault_IRQHandler
                0x1fff849c                Reserved48_IRQHandler
                0x1fff849c                SVC_Handler
                0x1fff849c                ERM_single_fault_IRQHandler
                0x1fff849c                FTM2_Fault_IRQHandler
                0x1fff849c                FTM0_Ch2_Ch3_IRQHandler
                0x1fff849c                DMA13_IRQHandler
                0x1fff849c                FTM0_Ch0_Ch1_IRQHandler
                0x1fff849c                FTM3_Fault_IRQHandler
                0x1fff849c                RCM_IRQHandler
                0x1fff849c                DMA3_IRQHandler
                0x1fff849c                Reserved100_IRQHandler
                0x1fff849c                DMA0_IRQHandler
                0x1fff849c                Reserved91_IRQHandler
                0x1fff849c                CAN1_ORed_IRQHandler
                0x1fff849c                DMA15_IRQHandler
                0x1fff849c                SCG_IRQHandler
                0x1fff849c                PDB1_IRQHandler
                0x1fff849c                Reserved81_IRQHandler
                0x1fff849c                Reserved46_IRQHandler
                0x1fff849c                Reserved45_IRQHandler
                0x1fff849c                CAN0_Error_IRQHandler
                0x1fff849c                Reserved112_IRQHandler
                0x1fff849c                LPI2C0_Master_IRQHandler
                0x1fff849c                DMA4_IRQHandler
                0x1fff849c                FTM1_Fault_IRQHandler
                0x1fff849c                Reserved106_IRQHandler
                0x1fff849c                DMA_Error_IRQHandler
                0x1fff849c                LVD_LVW_IRQHandler
                0x1fff849c                LPIT0_Ch2_IRQHandler
                0x1fff849c                PORTA_IRQHandler
                0x1fff849c                MCM_IRQHandler
                0x1fff849c                LPSPI2_IRQHandler
                0x1fff849c                DMA12_IRQHandler
                0x1fff849c                FTM3_Ch4_Ch5_IRQHandler
                0x1fff849c                CAN0_ORed_0_15_MB_IRQHandler
                0x1fff849c                PORTE_IRQHandler
                0x1fff849c                LPUART0_RxTx_IRQHandler
                0x1fff849c                BusFault_Handler
                0x1fff849c                Reserved87_IRQHandler
                0x1fff849c                FTM1_Ovf_Reload_IRQHandler
                0x1fff849c                DMA8_IRQHandler
                0x1fff849c                Reserved93_IRQHandler
                0x1fff849c                DMA10_IRQHandler
                0x1fff849c                CAN0_Wake_Up_IRQHandler
                0x1fff849c                CMP0_IRQHandler
                0x1fff849c                Reserved52_IRQHandler
                0x1fff849c                PORTC_IRQHandler
                0x1fff849c                DMA6_IRQHandler
                0x1fff849c                FTM1_Ch0_Ch1_IRQHandler
                0x1fff849c                FLEXIO_IRQHandler
                0x1fff849c                DMA1_IRQHandler
                0x1fff849c                Reserved113_IRQHandler
 .text          0x1fff84a0      0x134 D:/NXP/S32DS_ARM_v2.2/S32DS/build_tools/gcc_v4.9/gcc-arm-none-eabi-4_9/arm-none-eabi/newlib/lib/armv7e-m\libc.a(lib_a-memcpy.o)
                0x1fff84a0                memcpy
 .text          0x1fff85d4      0x370 d:/nxp/s32ds_arm_v2.2/s32ds/build_tools/gcc_v4.9/gcc-arm-none-eabi-4_9/bin/../lib/gcc/arm-none-eabi/4.9.3/armv7e-m\libgcc.a(_arm_addsubdf3.o)
                0x1fff85d4                __aeabi_drsub
                0x1fff85dc                __aeabi_dsub
                0x1fff85dc                __subdf3
                0x1fff85e0                __aeabi_dadd
                0x1fff85e0                __adddf3
                0x1fff8858                __floatunsidf
                0x1fff8858                __aeabi_ui2d
                0x1fff8878                __floatsidf
                0x1fff8878                __aeabi_i2d
                0x1fff889c                __aeabi_f2d
                0x1fff889c                __extendsfdf2
                0x1fff88d8                __floatundidf
                0x1fff88d8                __aeabi_ul2d
                0x1fff88e8                __floatdidf
                0x1fff88e8                __aeabi_l2d
 .text          0x1fff8944      0x424 d:/nxp/s32ds_arm_v2.2/s32ds/build_tools/gcc_v4.9/gcc-arm-none-eabi-4_9/bin/../lib/gcc/arm-none-eabi/4.9.3/armv7e-m\libgcc.a(_arm_muldivdf3.o)
                0x1fff8944                __aeabi_dmul
                0x1fff8944                __muldf3
                0x1fff8b98                __divdf3
                0x1fff8b98                __aeabi_ddiv
 .text          0x1fff8d68      0x110 d:/nxp/s32ds_arm_v2.2/s32ds/build_tools/gcc_v4.9/gcc-arm-none-eabi-4_9/bin/../lib/gcc/arm-none-eabi/4.9.3/armv7e-m\libgcc.a(_arm_cmpdf2.o)
                0x1fff8d68                __gtdf2
                0x1fff8d68                __gedf2
                0x1fff8d70                __ltdf2
                0x1fff8d70                __ledf2
                0x1fff8d78                __nedf2
                0x1fff8d78                __eqdf2
                0x1fff8d78                __cmpdf2
                0x1fff8df4                __aeabi_cdrcmple
                0x1fff8e04                __aeabi_cdcmpeq
                0x1fff8e04                __aeabi_cdcmple
                0x1fff8e14                __aeabi_dcmpeq
                0x1fff8e28                __aeabi_dcmplt
                0x1fff8e3c                __aeabi_dcmple
                0x1fff8e50                __aeabi_dcmpge
                0x1fff8e64                __aeabi_dcmpgt
 .text          0x1fff8e78       0x50 d:/nxp/s32ds_arm_v2.2/s32ds/build_tools/gcc_v4.9/gcc-arm-none-eabi-4_9/bin/../lib/gcc/arm-none-eabi/4.9.3/armv7e-m\libgcc.a(_arm_fixdfsi.o)
                0x1fff8e78                __aeabi_d2iz
                0x1fff8e78                __fixdfsi
 .text          0x1fff8ec8       0x30 d:/nxp/s32ds_arm_v2.2/s32ds/build_tools/gcc_v4.9/gcc-arm-none-eabi-4_9/bin/../lib/gcc/arm-none-eabi/4.9.3/armv7e-m\libgcc.a(_aeabi_uldivmod.o)
                0x1fff8ec8                __aeabi_uldivmod
 .text          0x1fff8ef8       0x60 d:/nxp/s32ds_arm_v2.2/s32ds/build_tools/gcc_v4.9/gcc-arm-none-eabi-4_9/bin/../lib/gcc/arm-none-eabi/4.9.3/armv7e-m\libgcc.a(bpabi.o)
                0x1fff8ef8                __gnu_ldivmod_helper
                0x1fff8f28                __gnu_uldivmod_helper
 .text          0x1fff8f58        0x4 d:/nxp/s32ds_arm_v2.2/s32ds/build_tools/gcc_v4.9/gcc-arm-none-eabi-4_9/bin/../lib/gcc/arm-none-eabi/4.9.3/armv7e-m\libgcc.a(_dvmd_tls.o)
                0x1fff8f58                __aeabi_idiv0
                0x1fff8f58                __aeabi_ldiv0
 .text          0x1fff8f5c      0x29c d:/nxp/s32ds_arm_v2.2/s32ds/build_tools/gcc_v4.9/gcc-arm-none-eabi-4_9/bin/../lib/gcc/arm-none-eabi/4.9.3/armv7e-m\libgcc.a(_divdi3.o)
                0x1fff8f5c                __divdi3
 .text          0x1fff91f8      0x26c d:/nxp/s32ds_arm_v2.2/s32ds/build_tools/gcc_v4.9/gcc-arm-none-eabi-4_9/bin/../lib/gcc/arm-none-eabi/4.9.3/armv7e-m\libgcc.a(_udivdi3.o)
                0x1fff91f8                __udivdi3
 *(.text*)
 .text.Det_ReportError
                0x1fff9464       0xcc ./Autosar/Det/src/Det.o
                0x1fff9464                Det_ReportError
 .text.Det_ReportRuntimeError
                0x1fff9530       0xcc ./Autosar/Det/src/Det.o
                0x1fff9530                Det_ReportRuntimeError
 .text.Gpt_Init
                0x1fff95fc      0x10c ./Autosar/Gpt/src/Gpt.o
                0x1fff95fc                Gpt_Init
 .text.Gpt_GetTimeRemaining
                0x1fff9708      0x10c ./Autosar/Gpt/src/Gpt.o
                0x1fff9708                Gpt_GetTimeRemaining
 .text.Gpt_StartTimer
                0x1fff9814      0x1c0 ./Autosar/Gpt/src/Gpt.o
                0x1fff9814                Gpt_StartTimer
 .text.Gpt_StopTimer
                0x1fff99d4       0xfc ./Autosar/Gpt/src/Gpt.o
                0x1fff99d4                Gpt_StopTimer
 .text.Gpt_EnableNotification
                0x1fff9ad0       0xd8 ./Autosar/Gpt/src/Gpt.o
                0x1fff9ad0                Gpt_EnableNotification
 .text.Gpt_DisableNotification
                0x1fff9ba8      0x100 ./Autosar/Gpt/src/Gpt.o
                0x1fff9ba8                Gpt_DisableNotification
 .text.Gpt_ProcessCommonInterrupt
                0x1fff9ca8       0xc4 ./Autosar/Gpt/src/Gpt.o
                0x1fff9ca8                Gpt_ProcessCommonInterrupt
 .text.Gpt_Ipw_Init
                0x1fff9d6c       0x2c ./Autosar/Gpt/src/Gpt_Ipw.o
                0x1fff9d6c                Gpt_Ipw_Init
 .text.Gpt_Ipw_GetTimeElapsed
                0x1fff9d98       0x34 ./Autosar/Gpt/src/Gpt_Ipw.o
                0x1fff9d98                Gpt_Ipw_GetTimeElapsed
 .text.Gpt_Ipw_StartTimer
                0x1fff9dcc       0x28 ./Autosar/Gpt/src/Gpt_Ipw.o
                0x1fff9dcc                Gpt_Ipw_StartTimer
 .text.Gpt_Ipw_StopTimer
                0x1fff9df4       0x20 ./Autosar/Gpt/src/Gpt_Ipw.o
                0x1fff9df4                Gpt_Ipw_StopTimer
 .text.Gpt_Ipw_EnableInterrupt
                0x1fff9e14       0x20 ./Autosar/Gpt/src/Gpt_Ipw.o
                0x1fff9e14                Gpt_Ipw_EnableInterrupt
 .text.Gpt_Ipw_DisableInterrupt
                0x1fff9e34       0x20 ./Autosar/Gpt/src/Gpt_Ipw.o
                0x1fff9e34                Gpt_Ipw_DisableInterrupt
 .text.Gpt_Lptmr_Init
                0x1fff9e54       0x80 ./Autosar/Gpt/src/Gpt_Lptmr.o
                0x1fff9e54                Gpt_Lptmr_Init
 .text.Gpt_Lptmr_StartTimer
                0x1fff9ed4       0x40 ./Autosar/Gpt/src/Gpt_Lptmr.o
                0x1fff9ed4                Gpt_Lptmr_StartTimer
 .text.Gpt_Lptmr_StopTimer
                0x1fff9f14       0x2c ./Autosar/Gpt/src/Gpt_Lptmr.o
                0x1fff9f14                Gpt_Lptmr_StopTimer
 .text.Gpt_Lptmr_GetTimeElapsed
                0x1fff9f40       0x54 ./Autosar/Gpt/src/Gpt_Lptmr.o
                0x1fff9f40                Gpt_Lptmr_GetTimeElapsed
 .text.Gpt_Lptmr_EnableInterrupt
                0x1fff9f94       0x38 ./Autosar/Gpt/src/Gpt_Lptmr.o
                0x1fff9f94                Gpt_Lptmr_EnableInterrupt
 .text.Gpt_Lptmr_DisableInterrupt
                0x1fff9fcc       0x2c ./Autosar/Gpt/src/Gpt_Lptmr.o
                0x1fff9fcc                Gpt_Lptmr_DisableInterrupt
 .text.Gpt_Lptmr_ProcessCommonInterrupt
                0x1fff9ff8       0x50 ./Autosar/Gpt/src/Gpt_Lptmr.o
                0x1fff9ff8                Gpt_Lptmr_ProcessCommonInterrupt
 .text.Gpt_schm_read_msr
                0x1fffa048       0x14 ./Autosar/Gpt/src/SchM_Gpt.o
                0x1fffa048                Gpt_schm_read_msr
 .text.SchM_Enter_Gpt_GPT_EXCLUSIVE_AREA_00
                0x1fffa05c       0x38 ./Autosar/Gpt/src/SchM_Gpt.o
                0x1fffa05c                SchM_Enter_Gpt_GPT_EXCLUSIVE_AREA_00
 .text.SchM_Enter_Gpt_GPT_EXCLUSIVE_AREA_01
                0x1fffa094       0x38 ./Autosar/Gpt/src/SchM_Gpt.o
                0x1fffa094                SchM_Enter_Gpt_GPT_EXCLUSIVE_AREA_01
 .text.SchM_Enter_Gpt_GPT_EXCLUSIVE_AREA_02
                0x1fffa0cc       0x38 ./Autosar/Gpt/src/SchM_Gpt.o
                0x1fffa0cc                SchM_Enter_Gpt_GPT_EXCLUSIVE_AREA_02
 .text.SchM_Enter_Gpt_GPT_EXCLUSIVE_AREA_06
                0x1fffa104       0x38 ./Autosar/Gpt/src/SchM_Gpt.o
                0x1fffa104                SchM_Enter_Gpt_GPT_EXCLUSIVE_AREA_06
 .text.SchM_Enter_Gpt_GPT_EXCLUSIVE_AREA_29
                0x1fffa13c       0x38 ./Autosar/Gpt/src/SchM_Gpt.o
                0x1fffa13c                SchM_Enter_Gpt_GPT_EXCLUSIVE_AREA_29
 .text.SchM_Exit_Gpt_GPT_EXCLUSIVE_AREA_00
                0x1fffa174       0x34 ./Autosar/Gpt/src/SchM_Gpt.o
                0x1fffa174                SchM_Exit_Gpt_GPT_EXCLUSIVE_AREA_00
 .text.SchM_Exit_Gpt_GPT_EXCLUSIVE_AREA_01
                0x1fffa1a8       0x34 ./Autosar/Gpt/src/SchM_Gpt.o
                0x1fffa1a8                SchM_Exit_Gpt_GPT_EXCLUSIVE_AREA_01
 .text.SchM_Exit_Gpt_GPT_EXCLUSIVE_AREA_02
                0x1fffa1dc       0x34 ./Autosar/Gpt/src/SchM_Gpt.o
                0x1fffa1dc                SchM_Exit_Gpt_GPT_EXCLUSIVE_AREA_02
 .text.SchM_Exit_Gpt_GPT_EXCLUSIVE_AREA_06
                0x1fffa210       0x34 ./Autosar/Gpt/src/SchM_Gpt.o
                0x1fffa210                SchM_Exit_Gpt_GPT_EXCLUSIVE_AREA_06
 .text.SchM_Exit_Gpt_GPT_EXCLUSIVE_AREA_29
                0x1fffa244       0x34 ./Autosar/Gpt/src/SchM_Gpt.o
                0x1fffa244                SchM_Exit_Gpt_GPT_EXCLUSIVE_AREA_29
 .text.LPTMR0_IRQHandler
                0x1fffa278        0xc ./Autosar/Mcl/src/Lptmr_Common.o
                0x1fffa278                LPTMR0_IRQHandler
 .text.Mcu_CheckEntry
                0x1fffa284       0x58 ./Autosar/Mcu/src/Mcu.o
 .text.Mcu_CheckNull
                0x1fffa2dc       0x2c ./Autosar/Mcu/src/Mcu.o
 .text.Mcu_CheckExit
                0x1fffa308       0x40 ./Autosar/Mcu/src/Mcu.o
 .text.Mcu_CheckInitClock
                0x1fffa348       0x38 ./Autosar/Mcu/src/Mcu.o
 .text.Mcu_CheckDistributePllClock
                0x1fffa380       0x30 ./Autosar/Mcu/src/Mcu.o
 .text.Mcu_CheckInitRamSection
                0x1fffa3b0       0xb4 ./Autosar/Mcu/src/Mcu.o
 .text.Mcu_Init
                0x1fffa464       0x68 ./Autosar/Mcu/src/Mcu.o
                0x1fffa464                Mcu_Init
 .text.Mcu_InitClock
                0x1fffa4cc       0x58 ./Autosar/Mcu/src/Mcu.o
                0x1fffa4cc                Mcu_InitClock
 .text.Mcu_InitRamSection
                0x1fffa524      0x1d0 ./Autosar/Mcu/src/Mcu.o
                0x1fffa524                Mcu_InitRamSection
 .text.Mcu_DistributePllClock
                0x1fffa6f4       0x3c ./Autosar/Mcu/src/Mcu.o
                0x1fffa6f4                Mcu_DistributePllClock
 .text.Mcu_GetPllStatus
                0x1fffa730       0x30 ./Autosar/Mcu/src/Mcu.o
                0x1fffa730                Mcu_GetPllStatus
 .text.Mcu_Exe_DepProsInit
                0x1fffa760       0x2c ./Autosar/Mcu/src/Mcu_Exe.o
                0x1fffa760                Mcu_Exe_DepProsInit
 .text.Mcu_Exe_ResetConfigInit
                0x1fffa78c       0x18 ./Autosar/Mcu/src/Mcu_Exe.o
                0x1fffa78c                Mcu_Exe_ResetConfigInit
 .text.Mcu_Exe_InitClock
                0x1fffa7a4       0x90 ./Autosar/Mcu/src/Mcu_Exe.o
                0x1fffa7a4                Mcu_Exe_InitClock
 .text.Mcu_Exe_DistributePllClock
                0x1fffa834       0x2c ./Autosar/Mcu/src/Mcu_Exe.o
                0x1fffa834                Mcu_Exe_DistributePllClock
 .text.Mcu_Exe_GetPllStatus
                0x1fffa860       0x28 ./Autosar/Mcu/src/Mcu_Exe.o
                0x1fffa860                Mcu_Exe_GetPllStatus
 .text.Mcu_PCC_Init
                0x1fffa888       0xac ./Autosar/Mcu/src/Mcu_PCC.o
                0x1fffa888                Mcu_PCC_Init
 .text.Mcu_PMC_Init
                0x1fffa934       0x4c ./Autosar/Mcu/src/Mcu_PMC.o
                0x1fffa934                Mcu_PMC_Init
 .text.Mcu_RCM_Init
                0x1fffa980       0x54 ./Autosar/Mcu/src/Mcu_RCM.o
                0x1fffa980                Mcu_RCM_Init
 .text.Mcu_SCG_SOSCInit
                0x1fffa9d4      0x13c ./Autosar/Mcu/src/Mcu_SCG.o
                0x1fffa9d4                Mcu_SCG_SOSCInit
 .text.Mcu_SCG_SPLLInit
                0x1fffab10       0x94 ./Autosar/Mcu/src/Mcu_SCG.o
                0x1fffab10                Mcu_SCG_SPLLInit
 .text.Mcu_SCG_SIRCInit
                0x1fffaba4       0x8c ./Autosar/Mcu/src/Mcu_SCG.o
                0x1fffaba4                Mcu_SCG_SIRCInit
 .text.Mcu_SCG_FIRCInit
                0x1fffac30       0xa0 ./Autosar/Mcu/src/Mcu_SCG.o
                0x1fffac30                Mcu_SCG_FIRCInit
 .text.Mcu_SCG_SrcClock
                0x1fffacd0       0x9c ./Autosar/Mcu/src/Mcu_SCG.o
                0x1fffacd0                Mcu_SCG_SrcClock
 .text.Mcu_SCG_SwitchToTrustedClock
                0x1fffad6c       0x68 ./Autosar/Mcu/src/Mcu_SCG.o
                0x1fffad6c                Mcu_SCG_SwitchToTrustedClock
 .text.Mcu_SCG_GetPLLStatus
                0x1fffadd4       0x34 ./Autosar/Mcu/src/Mcu_SCG.o
                0x1fffadd4                Mcu_SCG_GetPLLStatus
 .text.Mcu_SIM_Init
                0x1fffae08       0xd4 ./Autosar/Mcu/src/Mcu_SIM.o
                0x1fffae08                Mcu_SIM_Init
 .text.Mcu_SIM_ClockInit
                0x1fffaedc       0xb0 ./Autosar/Mcu/src/Mcu_SIM.o
                0x1fffaedc                Mcu_SIM_ClockInit
 .text.Mcu_SMC_Init
                0x1fffaf8c       0x24 ./Autosar/Mcu/src/Mcu_SMC.o
                0x1fffaf8c                Mcu_SMC_Init
 .text.init_data_bss
                0x1fffafb0      0x128 ./Project_Settings/Startup_Code/startup.o
                0x1fffafb0                init_data_bss
 .text.SystemInit
                0x1fffb0d8       0x30 ./Project_Settings/Startup_Code/system_S32K144.o
                0x1fffb0d8                SystemInit
 .text.ATF_McuTestAssert
                0x1fffb108       0x14 ./src/main.o
                0x1fffb108                ATF_McuTestAssert
 .text.Det_CheckError
                0x1fffb11c       0x2c ./src/main.o
                0x1fffb11c                Det_CheckError
 .text.ATF_McuResultsError
                0x1fffb148      0x2b4 ./src/main.o
                0x1fffb148                ATF_McuResultsError
 .text.Enable_NVIC
                0x1fffb3fc       0x60 ./src/main.o
                0x1fffb3fc                Enable_NVIC
 .text.main     0x1fffb45c      0x1c0 ./src/main.o
                0x1fffb45c                main
 .text.Gpt_Notification
                0x1fffb61c       0x2c ./src/main.o
                0x1fffb61c                Gpt_Notification
 .text.LPUART1_Init
                0x1fffb648       0xc4 ./src/uart.o
                0x1fffb648                LPUART1_Init
 .text.LPUART1_TransmitChar
                0x1fffb70c       0x2c ./src/uart.o
                0x1fffb70c                LPUART1_TransmitChar
 .text.LPUART1_TransmitString
                0x1fffb738       0x34 ./src/uart.o
                0x1fffb738                LPUART1_TransmitString
 .text.memset   0x1fffb76c       0x9c D:/NXP/S32DS_ARM_v2.2/S32DS/build_tools/gcc_v4.9/gcc-arm-none-eabi-4_9/arm-none-eabi/newlib/lib/armv7e-m\libc.a(lib_a-memset.o)
                0x1fffb76c                memset
 .text.sprintf  0x1fffb808       0x4c D:/NXP/S32DS_ARM_v2.2/S32DS/build_tools/gcc_v4.9/gcc-arm-none-eabi-4_9/arm-none-eabi/newlib/lib/armv7e-m\libc.a(lib_a-sprintf.o)
                0x1fffb808                sprintf
 .text._svfprintf_r
                0x1fffb854     0x1494 D:/NXP/S32DS_ARM_v2.2/S32DS/build_tools/gcc_v4.9/gcc-arm-none-eabi-4_9/arm-none-eabi/newlib/lib/armv7e-m\libc.a(lib_a-svfprintf.o)
                0x1fffb854                _svfprintf_r
 .text.startup.register_fini
                0x1fffcce8       0x14 D:/NXP/S32DS_ARM_v2.2/S32DS/build_tools/gcc_v4.9/gcc-arm-none-eabi-4_9/arm-none-eabi/newlib/lib/armv7e-m\libc.a(lib_a-__call_atexit.o)
 .text.atexit   0x1fffccfc        0xc D:/NXP/S32DS_ARM_v2.2/S32DS/build_tools/gcc_v4.9/gcc-arm-none-eabi-4_9/arm-none-eabi/newlib/lib/armv7e-m\libc.a(lib_a-atexit.o)
                0x1fffccfc                atexit
 .text.quorem   0x1fffcd08      0x12c D:/NXP/S32DS_ARM_v2.2/S32DS/build_tools/gcc_v4.9/gcc-arm-none-eabi-4_9/arm-none-eabi/newlib/lib/armv7e-m\libc.a(lib_a-dtoa.o)
 *fill*         0x1fffce34        0x4 
 .text._dtoa_r  0x1fffce38      0xe94 D:/NXP/S32DS_ARM_v2.2/S32DS/build_tools/gcc_v4.9/gcc-arm-none-eabi-4_9/arm-none-eabi/newlib/lib/armv7e-m\libc.a(lib_a-dtoa.o)
                0x1fffce38                _dtoa_r
 .text.__libc_fini_array
                0x1fffdccc       0x2c D:/NXP/S32DS_ARM_v2.2/S32DS/build_tools/gcc_v4.9/gcc-arm-none-eabi-4_9/arm-none-eabi/newlib/lib/armv7e-m\libc.a(lib_a-fini.o)
                0x1fffdccc                __libc_fini_array
 .text._localeconv_r
                0x1fffdcf8        0x8 D:/NXP/S32DS_ARM_v2.2/S32DS/build_tools/gcc_v4.9/gcc-arm-none-eabi-4_9/arm-none-eabi/newlib/lib/armv7e-m\libc.a(lib_a-locale.o)
                0x1fffdcf8                _localeconv_r
 .text._malloc_r
                0x1fffdd00      0x524 D:/NXP/S32DS_ARM_v2.2/S32DS/build_tools/gcc_v4.9/gcc-arm-none-eabi-4_9/arm-none-eabi/newlib/lib/armv7e-m\libc.a(lib_a-mallocr.o)
                0x1fffdd00                _malloc_r
 .text.memchr   0x1fffe224       0x94 D:/NXP/S32DS_ARM_v2.2/S32DS/build_tools/gcc_v4.9/gcc-arm-none-eabi-4_9/arm-none-eabi/newlib/lib/armv7e-m\libc.a(lib_a-memchr.o)
                0x1fffe224                memchr
 .text.__malloc_lock
                0x1fffe2b8        0x4 D:/NXP/S32DS_ARM_v2.2/S32DS/build_tools/gcc_v4.9/gcc-arm-none-eabi-4_9/arm-none-eabi/newlib/lib/armv7e-m\libc.a(lib_a-mlock.o)
                0x1fffe2b8                __malloc_lock
 .text.__malloc_unlock
                0x1fffe2bc        0x4 D:/NXP/S32DS_ARM_v2.2/S32DS/build_tools/gcc_v4.9/gcc-arm-none-eabi-4_9/arm-none-eabi/newlib/lib/armv7e-m\libc.a(lib_a-mlock.o)
                0x1fffe2bc                __malloc_unlock
 .text._Balloc  0x1fffe2c0       0x4c D:/NXP/S32DS_ARM_v2.2/S32DS/build_tools/gcc_v4.9/gcc-arm-none-eabi-4_9/arm-none-eabi/newlib/lib/armv7e-m\libc.a(lib_a-mprec.o)
                0x1fffe2c0                _Balloc
 .text._Bfree   0x1fffe30c       0x14 D:/NXP/S32DS_ARM_v2.2/S32DS/build_tools/gcc_v4.9/gcc-arm-none-eabi-4_9/arm-none-eabi/newlib/lib/armv7e-m\libc.a(lib_a-mprec.o)
                0x1fffe30c                _Bfree
 .text.__multadd
                0x1fffe320       0x84 D:/NXP/S32DS_ARM_v2.2/S32DS/build_tools/gcc_v4.9/gcc-arm-none-eabi-4_9/arm-none-eabi/newlib/lib/armv7e-m\libc.a(lib_a-mprec.o)
                0x1fffe320                __multadd
 .text.__hi0bits
                0x1fffe3a4       0x40 D:/NXP/S32DS_ARM_v2.2/S32DS/build_tools/gcc_v4.9/gcc-arm-none-eabi-4_9/arm-none-eabi/newlib/lib/armv7e-m\libc.a(lib_a-mprec.o)
                0x1fffe3a4                __hi0bits
 .text.__lo0bits
                0x1fffe3e4       0x5c D:/NXP/S32DS_ARM_v2.2/S32DS/build_tools/gcc_v4.9/gcc-arm-none-eabi-4_9/arm-none-eabi/newlib/lib/armv7e-m\libc.a(lib_a-mprec.o)
                0x1fffe3e4                __lo0bits
 .text.__i2b    0x1fffe440       0x14 D:/NXP/S32DS_ARM_v2.2/S32DS/build_tools/gcc_v4.9/gcc-arm-none-eabi-4_9/arm-none-eabi/newlib/lib/armv7e-m\libc.a(lib_a-mprec.o)
                0x1fffe440                __i2b
 .text.__multiply
                0x1fffe454      0x134 D:/NXP/S32DS_ARM_v2.2/S32DS/build_tools/gcc_v4.9/gcc-arm-none-eabi-4_9/arm-none-eabi/newlib/lib/armv7e-m\libc.a(lib_a-mprec.o)
                0x1fffe454                __multiply
 .text.__pow5mult
                0x1fffe588       0xa0 D:/NXP/S32DS_ARM_v2.2/S32DS/build_tools/gcc_v4.9/gcc-arm-none-eabi-4_9/arm-none-eabi/newlib/lib/armv7e-m\libc.a(lib_a-mprec.o)
                0x1fffe588                __pow5mult
 .text.__lshift
                0x1fffe628       0xac D:/NXP/S32DS_ARM_v2.2/S32DS/build_tools/gcc_v4.9/gcc-arm-none-eabi-4_9/arm-none-eabi/newlib/lib/armv7e-m\libc.a(lib_a-mprec.o)
                0x1fffe628                __lshift
 .text.__mcmp   0x1fffe6d4       0x48 D:/NXP/S32DS_ARM_v2.2/S32DS/build_tools/gcc_v4.9/gcc-arm-none-eabi-4_9/arm-none-eabi/newlib/lib/armv7e-m\libc.a(lib_a-mprec.o)
                0x1fffe6d4                __mcmp
 .text.__mdiff  0x1fffe71c       0xd4 D:/NXP/S32DS_ARM_v2.2/S32DS/build_tools/gcc_v4.9/gcc-arm-none-eabi-4_9/arm-none-eabi/newlib/lib/armv7e-m\libc.a(lib_a-mprec.o)
                0x1fffe71c                __mdiff
 .text.__d2b    0x1fffe7f0       0xb8 D:/NXP/S32DS_ARM_v2.2/S32DS/build_tools/gcc_v4.9/gcc-arm-none-eabi-4_9/arm-none-eabi/newlib/lib/armv7e-m\libc.a(lib_a-mprec.o)
                0x1fffe7f0                __d2b
 .text.__fpclassifyd
                0x1fffe8a8       0x58 D:/NXP/S32DS_ARM_v2.2/S32DS/build_tools/gcc_v4.9/gcc-arm-none-eabi-4_9/arm-none-eabi/newlib/lib/armv7e-m\libc.a(lib_a-s_fpclassify.o)
                0x1fffe8a8                __fpclassifyd
 .text._sbrk_r  0x1fffe900       0x24 D:/NXP/S32DS_ARM_v2.2/S32DS/build_tools/gcc_v4.9/gcc-arm-none-eabi-4_9/arm-none-eabi/newlib/lib/armv7e-m\libc.a(lib_a-sbrkr.o)
                0x1fffe900                _sbrk_r
 .text.strlen   0x1fffe924       0x5c D:/NXP/S32DS_ARM_v2.2/S32DS/build_tools/gcc_v4.9/gcc-arm-none-eabi-4_9/arm-none-eabi/newlib/lib/armv7e-m\libc.a(lib_a-strlen.o)
                0x1fffe924                strlen
 .text.__ssprint_r
                0x1fffe980      0x104 D:/NXP/S32DS_ARM_v2.2/S32DS/build_tools/gcc_v4.9/gcc-arm-none-eabi-4_9/arm-none-eabi/newlib/lib/armv7e-m\libc.a(lib_a-svfiprintf.o)
                0x1fffe980                __ssprint_r
 .text.__register_exitproc
                0x1fffea84       0xa4 D:/NXP/S32DS_ARM_v2.2/S32DS/build_tools/gcc_v4.9/gcc-arm-none-eabi-4_9/arm-none-eabi/newlib/lib/armv7e-m\libc.a(lib_a-__atexit.o)
                0x1fffea84                __register_exitproc
 .text._calloc_r
                0x1fffeb28       0x60 D:/NXP/S32DS_ARM_v2.2/S32DS/build_tools/gcc_v4.9/gcc-arm-none-eabi-4_9/arm-none-eabi/newlib/lib/armv7e-m\libc.a(lib_a-callocr.o)
                0x1fffeb28                _calloc_r
 .text._malloc_trim_r
                0x1fffeb88       0x9c D:/NXP/S32DS_ARM_v2.2/S32DS/build_tools/gcc_v4.9/gcc-arm-none-eabi-4_9/arm-none-eabi/newlib/lib/armv7e-m\libc.a(lib_a-freer.o)
                0x1fffeb88                _malloc_trim_r
 .text._free_r  0x1fffec24      0x1b0 D:/NXP/S32DS_ARM_v2.2/S32DS/build_tools/gcc_v4.9/gcc-arm-none-eabi-4_9/arm-none-eabi/newlib/lib/armv7e-m\libc.a(lib_a-freer.o)
                0x1fffec24                _free_r
 .text.memmove  0x1fffedd4       0xc8 D:/NXP/S32DS_ARM_v2.2/S32DS/build_tools/gcc_v4.9/gcc-arm-none-eabi-4_9/arm-none-eabi/newlib/lib/armv7e-m\libc.a(lib_a-memmove.o)
                0x1fffedd4                memmove
 .text._realloc_r
                0x1fffee9c      0x3ec D:/NXP/S32DS_ARM_v2.2/S32DS/build_tools/gcc_v4.9/gcc-arm-none-eabi-4_9/arm-none-eabi/newlib/lib/armv7e-m\libc.a(lib_a-reallocr.o)
                0x1fffee9c                _realloc_r
 .text._sbrk    0x1ffff288       0x1c D:/NXP/S32DS_ARM_v2.2/S32DS/build_tools/gcc_v4.9/gcc-arm-none-eabi-4_9/arm-none-eabi/newlib/lib/armv7e-m\libnosys.a(sbrk.o)
                0x1ffff288                _sbrk
 *(.rodata)
 .rodata        0x1ffff2a4      0x2df ./src/main.o
 *(.rodata*)
 *fill*         0x1ffff583        0x1 
 .rodata.Gpt_InitChannelPB
                0x1ffff584       0x1c ./Autosar/Gpt/src/Gpt_PBcfg.o
 .rodata.Gpt_Config
                0x1ffff5a0       0x30 ./Autosar/Gpt/src/Gpt_PBcfg.o
                0x1ffff5a0                Gpt_Config
 .rodata.Mcu_RamConfigPB0
                0x1ffff5d0       0x40 ./Autosar/Mcu/src/Mcu_PBcfg.o
 .rodata.Mcu_Mode_ConfigPB0
                0x1ffff610        0x8 ./Autosar/Mcu/src/Mcu_PBcfg.o
 .rodata.Mcu_SIM_ChipSelectionRegisterConfigPB0
                0x1ffff618        0x8 ./Autosar/Mcu/src/Mcu_PBcfg.o
 .rodata.Mcu_SIM_ChipSelectionConfigPB0
                0x1ffff620        0x4 ./Autosar/Mcu/src/Mcu_PBcfg.o
 .rodata.Mcu_SIM_TraceClockRegisterConfigPB0
                0x1ffff624        0x8 ./Autosar/Mcu/src/Mcu_PBcfg.o
 .rodata.Mcu_SIM_TraceClockConfigPB0
                0x1ffff62c        0x4 ./Autosar/Mcu/src/Mcu_PBcfg.o
 .rodata.Mcu_SIM_ClockGatingRegisterConfigPB0
                0x1ffff630        0x8 ./Autosar/Mcu/src/Mcu_PBcfg.o
 .rodata.Mcu_SIM_ClockGatingConfigPB0
                0x1ffff638        0x4 ./Autosar/Mcu/src/Mcu_PBcfg.o
 .rodata.Mcu_SIM_ClockConfigPB0
                0x1ffff63c        0xc ./Autosar/Mcu/src/Mcu_PBcfg.o
 .rodata.Mcu_SOSCCSR_RegisterConfigPB0
                0x1ffff648        0x8 ./Autosar/Mcu/src/Mcu_PBcfg.o
 .rodata.Mcu_SOSCDIV_RegisterConfigPB0
                0x1ffff650        0x8 ./Autosar/Mcu/src/Mcu_PBcfg.o
 .rodata.Mcu_SOSCCFG_RegisterConfigPB0
                0x1ffff658        0x8 ./Autosar/Mcu/src/Mcu_PBcfg.o
 .rodata.SOSC_ClockConfigPB0
                0x1ffff660        0xc ./Autosar/Mcu/src/Mcu_PBcfg.o
 .rodata.Mcu_SPLLCSR_RegisterConfigPB0
                0x1ffff66c        0x8 ./Autosar/Mcu/src/Mcu_PBcfg.o
 .rodata.Mcu_SPLLDIV_RegisterConfigPB0
                0x1ffff674        0x8 ./Autosar/Mcu/src/Mcu_PBcfg.o
 .rodata.Mcu_SPLLCFG_RegisterConfigPB0
                0x1ffff67c        0x8 ./Autosar/Mcu/src/Mcu_PBcfg.o
 .rodata.SPLL_ClockConfigPB0
                0x1ffff684        0xc ./Autosar/Mcu/src/Mcu_PBcfg.o
 .rodata.Mcu_FIRCCSR_RegisterConfigPB0
                0x1ffff690        0x8 ./Autosar/Mcu/src/Mcu_PBcfg.o
 .rodata.Mcu_FIRCDIV_RegisterConfigPB0
                0x1ffff698        0x8 ./Autosar/Mcu/src/Mcu_PBcfg.o
 .rodata.Mcu_FIRCCFG_RegisterConfigPB0
                0x1ffff6a0        0x8 ./Autosar/Mcu/src/Mcu_PBcfg.o
 .rodata.FIRC_ClockConfigPB0
                0x1ffff6a8        0xc ./Autosar/Mcu/src/Mcu_PBcfg.o
 .rodata.Mcu_SCG_ConfigPB0
                0x1ffff6b4       0x20 ./Autosar/Mcu/src/Mcu_PBcfg.o
 .rodata.PCC_aRegistersConfigPB0
                0x1ffff6d4      0x100 ./Autosar/Mcu/src/Mcu_PBcfg.o
 .rodata.Mcu_PCC_ConfigPB0
                0x1ffff7d4        0x8 ./Autosar/Mcu/src/Mcu_PBcfg.o
 .rodata.Mcu_ClockConfigPB0
                0x1ffff7dc       0x14 ./Autosar/Mcu/src/Mcu_PBcfg.o
 .rodata.Mcu_SMC_ConfigPB0
                0x1ffff7f0       0x10 ./Autosar/Mcu/src/Mcu_PBcfg.o
 .rodata.Mcu_PMC_ConfigPB0
                0x1ffff800        0x4 ./Autosar/Mcu/src/Mcu_PBcfg.o
 .rodata.Mcu_SIM_ChipControlRegisterConfigPB0
                0x1ffff804        0x8 ./Autosar/Mcu/src/Mcu_PBcfg.o
 .rodata.Mcu_SIM_ChipControlConfigurationPB0
                0x1ffff80c        0x4 ./Autosar/Mcu/src/Mcu_PBcfg.o
 .rodata.Mcu_SIM_LPOCLKSRegisterConfigPB0
                0x1ffff810        0x8 ./Autosar/Mcu/src/Mcu_PBcfg.o
 .rodata.Mcu_SIM_LPOClockConfigurationPB0
                0x1ffff818        0x4 ./Autosar/Mcu/src/Mcu_PBcfg.o
 .rodata.Mcu_SIM_ADCOPTRegisterConfigPB0
                0x1ffff81c        0x8 ./Autosar/Mcu/src/Mcu_PBcfg.o
 .rodata.Mcu_SIM_AdcOptionsConfigurationPB0
                0x1ffff824        0x4 ./Autosar/Mcu/src/Mcu_PBcfg.o
 .rodata.Mcu_SIM_FTMOPT0RegisterConfigPB0
                0x1ffff828        0x8 ./Autosar/Mcu/src/Mcu_PBcfg.o
 .rodata.Mcu_SIM_FTMOPT0ConfigurationPB0
                0x1ffff830        0x4 ./Autosar/Mcu/src/Mcu_PBcfg.o
 .rodata.Mcu_SIM_FTMOPT1RegisterConfigPB0
                0x1ffff834        0x8 ./Autosar/Mcu/src/Mcu_PBcfg.o
 .rodata.Mcu_SIM_FTMOPT1ConfigurationPB0
                0x1ffff83c        0x4 ./Autosar/Mcu/src/Mcu_PBcfg.o
 .rodata.Mcu_SIM_MiscellaneousRegisterConfig0PB0
                0x1ffff840        0x8 ./Autosar/Mcu/src/Mcu_PBcfg.o
 .rodata.Mcu_SIM_MiscellaneousConfiguration0PB0
                0x1ffff848        0x4 ./Autosar/Mcu/src/Mcu_PBcfg.o
 .rodata.Mcu_SIM_MiscellaneousRegisterConfig1PB0
                0x1ffff84c        0x8 ./Autosar/Mcu/src/Mcu_PBcfg.o
 .rodata.Mcu_SIM_MiscellaneousConfiguration1PB0
                0x1ffff854        0x4 ./Autosar/Mcu/src/Mcu_PBcfg.o
 .rodata.Mcu_SIM_ConfigPB0
                0x1ffff858       0x1c ./Autosar/Mcu/src/Mcu_PBcfg.o
 .rodata.Mcu_DepProsConfigPB0
                0x1ffff874        0xc ./Autosar/Mcu/src/Mcu_PBcfg.o
 .rodata.Mcu_RCM_ResetPinControlRegisterConfigPB0
                0x1ffff880        0x8 ./Autosar/Mcu/src/Mcu_PBcfg.o
 .rodata.Mcu_RCM_ResetPinControlConfigPB0
                0x1ffff888        0x4 ./Autosar/Mcu/src/Mcu_PBcfg.o
 .rodata.Mcu_RCM_ResetInterruptEnableRegisterConfigPB0
                0x1ffff88c        0x8 ./Autosar/Mcu/src/Mcu_PBcfg.o
 .rodata.Mcu_RCM_ResetInterruptEnableConfigPB0
                0x1ffff894        0x4 ./Autosar/Mcu/src/Mcu_PBcfg.o
 .rodata.Mcu_RCM_ConfigPB0
                0x1ffff898        0x8 ./Autosar/Mcu/src/Mcu_PBcfg.o
 .rodata.Mcu_ResetConfigPB0
                0x1ffff8a0        0x4 ./Autosar/Mcu/src/Mcu_PBcfg.o
 .rodata.Mcu_Config
                0x1ffff8a4       0x20 ./Autosar/Mcu/src/Mcu_PBcfg.o
                0x1ffff8a4                Mcu_Config
 .rodata.str1.4
                0x1ffff8c4        0x2 D:/NXP/S32DS_ARM_v2.2/S32DS/build_tools/gcc_v4.9/gcc-arm-none-eabi-4_9/arm-none-eabi/newlib/lib/armv7e-m\libc.a(lib_a-impure.o)
 *fill*         0x1ffff8c6        0x2 
 .rodata._global_impure_ptr
                0x1ffff8c8        0x4 D:/NXP/S32DS_ARM_v2.2/S32DS/build_tools/gcc_v4.9/gcc-arm-none-eabi-4_9/arm-none-eabi/newlib/lib/armv7e-m\libc.a(lib_a-impure.o)
                0x1ffff8c8                _global_impure_ptr
 .rodata.zeroes.6911
                0x1ffff8cc       0x10 D:/NXP/S32DS_ARM_v2.2/S32DS/build_tools/gcc_v4.9/gcc-arm-none-eabi-4_9/arm-none-eabi/newlib/lib/armv7e-m\libc.a(lib_a-svfprintf.o)
 .rodata.blanks.6910
                0x1ffff8dc       0x10 D:/NXP/S32DS_ARM_v2.2/S32DS/build_tools/gcc_v4.9/gcc-arm-none-eabi-4_9/arm-none-eabi/newlib/lib/armv7e-m\libc.a(lib_a-svfprintf.o)
 .rodata.str1.4
                0x1ffff8ec       0x42 D:/NXP/S32DS_ARM_v2.2/S32DS/build_tools/gcc_v4.9/gcc-arm-none-eabi-4_9/arm-none-eabi/newlib/lib/armv7e-m\libc.a(lib_a-svfprintf.o)
 *fill*         0x1ffff92e        0x2 
 .rodata.str1.4
                0x1ffff930       0x10 D:/NXP/S32DS_ARM_v2.2/S32DS/build_tools/gcc_v4.9/gcc-arm-none-eabi-4_9/arm-none-eabi/newlib/lib/armv7e-m\libc.a(lib_a-dtoa.o)
                                 0x12 (size before relaxing)
 .rodata.str1.4
                0x1ffff940        0xc D:/NXP/S32DS_ARM_v2.2/S32DS/build_tools/gcc_v4.9/gcc-arm-none-eabi-4_9/arm-none-eabi/newlib/lib/armv7e-m\libc.a(lib_a-locale.o)
                                 0x12 (size before relaxing)
 *fill*         0x1ffff94c        0x4 
 .rodata.__mprec_tens
                0x1ffff950       0xc8 D:/NXP/S32DS_ARM_v2.2/S32DS/build_tools/gcc_v4.9/gcc-arm-none-eabi-4_9/arm-none-eabi/newlib/lib/armv7e-m\libc.a(lib_a-mprec.o)
                0x1ffff950                __mprec_tens
 .rodata.p05.5302
                0x1ffffa18        0xc D:/NXP/S32DS_ARM_v2.2/S32DS/build_tools/gcc_v4.9/gcc-arm-none-eabi-4_9/arm-none-eabi/newlib/lib/armv7e-m\libc.a(lib_a-mprec.o)
 *fill*         0x1ffffa24        0x4 
 .rodata.__mprec_bigtens
                0x1ffffa28       0x28 D:/NXP/S32DS_ARM_v2.2/S32DS/build_tools/gcc_v4.9/gcc-arm-none-eabi-4_9/arm-none-eabi/newlib/lib/armv7e-m\libc.a(lib_a-mprec.o)
                0x1ffffa28                __mprec_bigtens
 *(.glue_7)
 .glue_7        0x00000000        0x0 linker stubs
 *(.glue_7t)
 .glue_7t       0x00000000        0x0 linker stubs
 *(.eh_frame)
 .eh_frame      0x1ffffa50        0x0 d:/nxp/s32ds_arm_v2.2/s32ds/build_tools/gcc_v4.9/gcc-arm-none-eabi-4_9/bin/../lib/gcc/arm-none-eabi/4.9.3/armv7e-m/crtbegin.o
 *(.init)
 .init          0x1ffffa50        0x4 d:/nxp/s32ds_arm_v2.2/s32ds/build_tools/gcc_v4.9/gcc-arm-none-eabi-4_9/bin/../lib/gcc/arm-none-eabi/4.9.3/armv7e-m/crti.o
                0x1ffffa50                _init
 .init          0x1ffffa54        0x8 d:/nxp/s32ds_arm_v2.2/s32ds/build_tools/gcc_v4.9/gcc-arm-none-eabi-4_9/bin/../lib/gcc/arm-none-eabi/4.9.3/armv7e-m/crtn.o
 *(.fini)
 .fini          0x1ffffa5c        0x4 d:/nxp/s32ds_arm_v2.2/s32ds/build_tools/gcc_v4.9/gcc-arm-none-eabi-4_9/bin/../lib/gcc/arm-none-eabi/4.9.3/armv7e-m/crti.o
                0x1ffffa5c                _fini
 .fini          0x1ffffa60        0x8 d:/nxp/s32ds_arm_v2.2/s32ds/build_tools/gcc_v4.9/gcc-arm-none-eabi-4_9/bin/../lib/gcc/arm-none-eabi/4.9.3/armv7e-m/crtn.o
                0x1ffffa68                . = ALIGN (0x4)

.vfp11_veneer   0x1ffffa68        0x0
 .vfp11_veneer  0x00000000        0x0 linker stubs

.v4_bx          0x1ffffa68        0x0
 .v4_bx         0x00000000        0x0 linker stubs

.iplt           0x1ffffa68        0x0
 .iplt          0x00000000        0x0 d:/nxp/s32ds_arm_v2.2/s32ds/build_tools/gcc_v4.9/gcc-arm-none-eabi-4_9/bin/../lib/gcc/arm-none-eabi/4.9.3/armv7e-m/crtbegin.o

.code_ram       0x1ffffa68        0x0
                0x1ffffa68                . = ALIGN (0x4)
                0x1ffffa68                __CODE_RAM = .
                0x1ffffa68                __code_ram_start__ = .
 *(.code_ram)
                0x1ffffa68                __CODE_ROM = .
                0x1ffffa68                __CODE_END = .
                0x1ffffa68                __code_ram_end__ = .
                0x1ffffa68                . = ALIGN (0x4)

.ARM.extab
 *(.ARM.extab* .gnu.linkonce.armextab.*)

.ARM            0x1ffffa68        0x8
                0x1ffffa68                __exidx_start = .
 *(.ARM.exidx*)
 .ARM.exidx     0x1ffffa68        0x8 d:/nxp/s32ds_arm_v2.2/s32ds/build_tools/gcc_v4.9/gcc-arm-none-eabi-4_9/bin/../lib/gcc/arm-none-eabi/4.9.3/armv7e-m\libgcc.a(_divdi3.o)
 .ARM.exidx     0x1ffffa70        0x0 d:/nxp/s32ds_arm_v2.2/s32ds/build_tools/gcc_v4.9/gcc-arm-none-eabi-4_9/bin/../lib/gcc/arm-none-eabi/4.9.3/armv7e-m\libgcc.a(_udivdi3.o)
                                  0x8 (size before relaxing)
                0x1ffffa70                __exidx_end = .

.rel.dyn        0x1ffffa70        0x0
 .rel.iplt      0x00000000        0x0 d:/nxp/s32ds_arm_v2.2/s32ds/build_tools/gcc_v4.9/gcc-arm-none-eabi-4_9/bin/../lib/gcc/arm-none-eabi/4.9.3/armv7e-m/crtbegin.o

.ctors          0x1ffffa70        0x0
                0x1ffffa70                __CTOR_LIST__ = .
 *crtbegin.o(.ctors)
 *crtbegin?.o(.ctors)
 *(EXCLUDE_FILE(*crtend.o *crtend?.o) .ctors)
 *(SORT(.ctors.*))
 *(.ctors)
                0x1ffffa70                __CTOR_END__ = .

.dtors          0x1ffffa70        0x0
                0x1ffffa70                __DTOR_LIST__ = .
 *crtbegin.o(.dtors)
 *crtbegin?.o(.dtors)
 *(EXCLUDE_FILE(*crtend.o *crtend?.o) .dtors)
 *(SORT(.dtors.*))
 *(.dtors)
                0x1ffffa70                __DTOR_END__ = .

.preinit_array  0x1ffffa70        0x0
                0x1ffffa70                PROVIDE (__preinit_array_start, .)
 *(.preinit_array*)
                0x1ffffa70                PROVIDE (__preinit_array_end, .)

.init_array     0x1ffffa70        0x8
                0x1ffffa70                PROVIDE (__init_array_start, .)
 *(SORT(.init_array.*))
 .init_array.00000
                0x1ffffa70        0x4 D:/NXP/S32DS_ARM_v2.2/S32DS/build_tools/gcc_v4.9/gcc-arm-none-eabi-4_9/arm-none-eabi/newlib/lib/armv7e-m\libc.a(lib_a-__call_atexit.o)
 *(.init_array*)
 .init_array    0x1ffffa74        0x4 d:/nxp/s32ds_arm_v2.2/s32ds/build_tools/gcc_v4.9/gcc-arm-none-eabi-4_9/bin/../lib/gcc/arm-none-eabi/4.9.3/armv7e-m/crtbegin.o
                0x1ffffa78                PROVIDE (__init_array_end, .)

.fini_array     0x1ffffa78        0x4
                0x1ffffa78                PROVIDE (__fini_array_start, .)
 *(SORT(.fini_array.*))
 *(.fini_array*)
 .fini_array    0x1ffffa78        0x4 d:/nxp/s32ds_arm_v2.2/s32ds/build_tools/gcc_v4.9/gcc-arm-none-eabi-4_9/bin/../lib/gcc/arm-none-eabi/4.9.3/armv7e-m/crtbegin.o
                0x1ffffa7c                PROVIDE (__fini_array_end, .)
                0x1ffffa7c                __etext = .
                0x1ffffa7c                __DATA_ROM = .
                0x1ffffa7c                __DATA_END = __DATA_ROM

.customSectionBlock
                0x20000000        0x0
                0x20000000                __customSection_start__ = .
 *(.customSection)
                0x20000000                __customSection_end__ = .
                0x20000000                __CUSTOM_ROM = .
                0x20000000                __CUSTOM_END = .

.data           0x20000000      0x878
                0x20000000                . = ALIGN (0x4)
                0x20000000                __DATA_RAM = .
                0x20000000                __data_start__ = .
 *(.data)
 *(.data*)
 .data.impure_data
                0x20000000      0x428 D:/NXP/S32DS_ARM_v2.2/S32DS/build_tools/gcc_v4.9/gcc-arm-none-eabi-4_9/arm-none-eabi/newlib/lib/armv7e-m\libc.a(lib_a-impure.o)
 .data._impure_ptr
                0x20000428        0x4 D:/NXP/S32DS_ARM_v2.2/S32DS/build_tools/gcc_v4.9/gcc-arm-none-eabi-4_9/arm-none-eabi/newlib/lib/armv7e-m\libc.a(lib_a-impure.o)
                0x20000428                _impure_ptr
 .data.lconv    0x2000042c       0x38 D:/NXP/S32DS_ARM_v2.2/S32DS/build_tools/gcc_v4.9/gcc-arm-none-eabi-4_9/arm-none-eabi/newlib/lib/armv7e-m\libc.a(lib_a-locale.o)
 .data.__malloc_av_
                0x20000464      0x408 D:/NXP/S32DS_ARM_v2.2/S32DS/build_tools/gcc_v4.9/gcc-arm-none-eabi-4_9/arm-none-eabi/newlib/lib/armv7e-m\libc.a(lib_a-mallocr.o)
                0x20000464                __malloc_av_
 .data.__malloc_trim_threshold
                0x2000086c        0x4 D:/NXP/S32DS_ARM_v2.2/S32DS/build_tools/gcc_v4.9/gcc-arm-none-eabi-4_9/arm-none-eabi/newlib/lib/armv7e-m\libc.a(lib_a-mallocr.o)
                0x2000086c                __malloc_trim_threshold
 .data.__malloc_sbrk_base
                0x20000870        0x4 D:/NXP/S32DS_ARM_v2.2/S32DS/build_tools/gcc_v4.9/gcc-arm-none-eabi-4_9/arm-none-eabi/newlib/lib/armv7e-m\libc.a(lib_a-mallocr.o)
                0x20000870                __malloc_sbrk_base
 *(.jcr*)
 .jcr           0x20000874        0x0 d:/nxp/s32ds_arm_v2.2/s32ds/build_tools/gcc_v4.9/gcc-arm-none-eabi-4_9/bin/../lib/gcc/arm-none-eabi/4.9.3/armv7e-m/crtbegin.o
 .jcr           0x20000874        0x4 d:/nxp/s32ds_arm_v2.2/s32ds/build_tools/gcc_v4.9/gcc-arm-none-eabi-4_9/bin/../lib/gcc/arm-none-eabi/4.9.3/armv7e-m/crtend.o
                0x20000878                . = ALIGN (0x4)
                0x20000878                __data_end__ = .

.igot.plt       0x20000878        0x0
 .igot.plt      0x00000000        0x0 d:/nxp/s32ds_arm_v2.2/s32ds/build_tools/gcc_v4.9/gcc-arm-none-eabi-4_9/bin/../lib/gcc/arm-none-eabi/4.9.3/armv7e-m/crtbegin.o

.bss            0x20000878      0x138
                0x20000878                . = ALIGN (0x4)
                0x20000878                __BSS_START = .
                0x20000878                __bss_start__ = .
 *(.bss)
 .bss           0x20000878       0x1c d:/nxp/s32ds_arm_v2.2/s32ds/build_tools/gcc_v4.9/gcc-arm-none-eabi-4_9/bin/../lib/gcc/arm-none-eabi/4.9.3/armv7e-m/crtbegin.o
 *(.bss*)
 .bss.Gpt_eMode
                0x20000894        0x1 ./Autosar/Gpt/src/Gpt.o
 *fill*         0x20000895        0x3 
 .bss.Gpt_pConfig
                0x20000898        0x4 ./Autosar/Gpt/src/Gpt.o
 .bss.Gpt_aChannelInfo
                0x2000089c        0x4 ./Autosar/Gpt/src/Gpt.o
 .bss.Gpt_aStopTime
                0x200008a0        0x4 ./Autosar/Gpt/src/Gpt.o
 .bss.msr_00    0x200008a4        0x4 ./Autosar/Gpt/src/SchM_Gpt.o
 .bss.msr_01    0x200008a8        0x4 ./Autosar/Gpt/src/SchM_Gpt.o
 .bss.msr_02    0x200008ac        0x4 ./Autosar/Gpt/src/SchM_Gpt.o
 .bss.msr_06    0x200008b0        0x4 ./Autosar/Gpt/src/SchM_Gpt.o
 .bss.msr_29    0x200008b4        0x4 ./Autosar/Gpt/src/SchM_Gpt.o
 .bss.reentry_guard_00
                0x200008b8        0x4 ./Autosar/Gpt/src/SchM_Gpt.o
 .bss.reentry_guard_01
                0x200008bc        0x4 ./Autosar/Gpt/src/SchM_Gpt.o
 .bss.reentry_guard_02
                0x200008c0        0x4 ./Autosar/Gpt/src/SchM_Gpt.o
 .bss.reentry_guard_06
                0x200008c4        0x4 ./Autosar/Gpt/src/SchM_Gpt.o
 .bss.reentry_guard_29
                0x200008c8        0x4 ./Autosar/Gpt/src/SchM_Gpt.o
 .bss.Mcu_pConfigPtr
                0x200008cc        0x4 ./Autosar/Mcu/src/Mcu.o
                0x200008cc                Mcu_pConfigPtr
 .bss.gu8Mcu_Status
                0x200008d0        0x1 ./Autosar/Mcu/src/Mcu.o
 *fill*         0x200008d1        0x3 
 .bss.Mcu_pClockConfig
                0x200008d4        0x4 ./Autosar/Mcu/src/Mcu_Exe.o
 .bss.u8SpllSourceClock
                0x200008d8        0x1 ./Autosar/Mcu/src/Mcu_Exe.o
 *fill*         0x200008d9        0x3 
 .bss.g_count   0x200008dc        0x4 ./src/main.o
                0x200008dc                g_count
 .bss.__malloc_max_total_mem
                0x200008e0        0x4 D:/NXP/S32DS_ARM_v2.2/S32DS/build_tools/gcc_v4.9/gcc-arm-none-eabi-4_9/arm-none-eabi/newlib/lib/armv7e-m\libc.a(lib_a-mallocr.o)
                0x200008e0                __malloc_max_total_mem
 .bss.__malloc_max_sbrked_mem
                0x200008e4        0x4 D:/NXP/S32DS_ARM_v2.2/S32DS/build_tools/gcc_v4.9/gcc-arm-none-eabi-4_9/arm-none-eabi/newlib/lib/armv7e-m\libc.a(lib_a-mallocr.o)
                0x200008e4                __malloc_max_sbrked_mem
 .bss.__malloc_top_pad
                0x200008e8        0x4 D:/NXP/S32DS_ARM_v2.2/S32DS/build_tools/gcc_v4.9/gcc-arm-none-eabi-4_9/arm-none-eabi/newlib/lib/armv7e-m\libc.a(lib_a-mallocr.o)
                0x200008e8                __malloc_top_pad
 .bss.__malloc_current_mallinfo
                0x200008ec       0x28 D:/NXP/S32DS_ARM_v2.2/S32DS/build_tools/gcc_v4.9/gcc-arm-none-eabi-4_9/arm-none-eabi/newlib/lib/armv7e-m\libc.a(lib_a-mallocr.o)
                0x200008ec                __malloc_current_mallinfo
 .bss.heap_end.4079
                0x20000914        0x4 D:/NXP/S32DS_ARM_v2.2/S32DS/build_tools/gcc_v4.9/gcc-arm-none-eabi-4_9/arm-none-eabi/newlib/lib/armv7e-m\libnosys.a(sbrk.o)
 *(COMMON)
 COMMON         0x20000918       0x90 ./Autosar/Det/src/Det.o
                0x20000918                Det_ErrorId
                0x20000920                Det_RuntimeErrorId
                0x20000928                Det_RuntimeModuleId
                0x20000938                Det_TransientFaultId
                0x20000940                Det_InstanceId
                0x20000948                Det_TransientApiId
                0x20000950                Det_numEventErrors
                0x20000954                Det_numRuntimeEventErrors
                0x20000958                Det_ApiId
                0x20000960                Det_numTransientEventErrors
                0x20000964                Det_TransientModuleId
                0x20000974                Det_OverflowEvent
                0x20000978                Det_RuntimeApiId
                0x20000980                Det_TransientOverflowEvent
                0x20000984                Det_ModuleId
                0x20000994                Det_RuntimeOverflowEvent
                0x20000998                Det_TransientInstanceId
                0x200009a0                Det_RuntimeInstanceId
 COMMON         0x200009a8        0x1 ./src/main.o
                0x200009a8                ePllStatus
 *fill*         0x200009a9        0x3 
 COMMON         0x200009ac        0x4 D:/NXP/S32DS_ARM_v2.2/S32DS/build_tools/gcc_v4.9/gcc-arm-none-eabi-4_9/arm-none-eabi/newlib/lib/armv7e-m\libc.a(lib_a-reent.o)
                0x200009ac                errno
                0x200009b0                . = ALIGN (0x4)
                0x200009b0                __bss_end__ = .
                0x200009b0                __BSS_END = .

.heap           0x200009b0      0x400
                0x200009b0                . = ALIGN (0x8)
                0x200009b0                __end__ = .
                0x200009b0                __heap_start__ = .
                0x200009b0                PROVIDE (end, .)
                0x200009b0                PROVIDE (_end, .)
                0x200009b0                PROVIDE (__end, .)
                0x200009b0                __HeapBase = .
                0x20000db0                . = (. + HEAP_SIZE)
 *fill*         0x200009b0      0x400 
                0x20000db0                __HeapLimit = .
                0x20000db0                __heap_limit = .
                0x20000db0                __heap_end__ = .
                0x20007000                __StackTop = (ORIGIN (m_data) + 0x7000)
                0x20006c00                __StackLimit = (__StackTop - STACK_SIZE)
                0x20007000                PROVIDE (__stack, __StackTop)

.stack          0x20006c00      0x400
                0x20006c00                . = ALIGN (0x8)
                0x20006c00                __stack_start__ = .
                0x20007000                . = (. + STACK_SIZE)
 *fill*         0x20006c00      0x400 
                0x20007000                __stack_end__ = .
                0x20000878                __START_BSS = __BSS_START
                0x200009b0                __END_BSS = __BSS_END
                0x20007000                __SP_INIT = __StackTop

.ARM.attributes
                0x00000000       0x2a
 *(.ARM.attributes)
 .ARM.attributes
                0x00000000       0x1e d:/nxp/s32ds_arm_v2.2/s32ds/build_tools/gcc_v4.9/gcc-arm-none-eabi-4_9/bin/../lib/gcc/arm-none-eabi/4.9.3/armv7e-m/crti.o
 .ARM.attributes
                0x0000001e       0x2e d:/nxp/s32ds_arm_v2.2/s32ds/build_tools/gcc_v4.9/gcc-arm-none-eabi-4_9/bin/../lib/gcc/arm-none-eabi/4.9.3/armv7e-m/crtbegin.o
 .ARM.attributes
                0x0000004c       0x33 ./Autosar/Det/src/Det.o
 .ARM.attributes
                0x0000007f       0x33 ./Autosar/Gpt/src/Gpt.o
 .ARM.attributes
                0x000000b2       0x33 ./Autosar/Gpt/src/Gpt_Ipw.o
 .ARM.attributes
                0x000000e5       0x33 ./Autosar/Gpt/src/Gpt_Lptmr.o
 .ARM.attributes
                0x00000118       0x33 ./Autosar/Gpt/src/Gpt_PBcfg.o
 .ARM.attributes
                0x0000014b       0x33 ./Autosar/Gpt/src/SchM_Gpt.o
 .ARM.attributes
                0x0000017e       0x33 ./Autosar/Mcl/src/Lptmr_Common.o
 .ARM.attributes
                0x000001b1       0x33 ./Autosar/Mcu/src/Mcu.o
 .ARM.attributes
                0x000001e4       0x33 ./Autosar/Mcu/src/Mcu_Exe.o
 .ARM.attributes
                0x00000217       0x33 ./Autosar/Mcu/src/Mcu_PBcfg.o
 .ARM.attributes
                0x0000024a       0x33 ./Autosar/Mcu/src/Mcu_PCC.o
 .ARM.attributes
                0x0000027d       0x33 ./Autosar/Mcu/src/Mcu_PMC.o
 .ARM.attributes
                0x000002b0       0x33 ./Autosar/Mcu/src/Mcu_RCM.o
 .ARM.attributes
                0x000002e3       0x33 ./Autosar/Mcu/src/Mcu_SCG.o
 .ARM.attributes
                0x00000316       0x33 ./Autosar/Mcu/src/Mcu_SIM.o
 .ARM.attributes
                0x00000349       0x33 ./Autosar/Mcu/src/Mcu_SMC.o
 .ARM.attributes
                0x0000037c       0x33 ./Project_Settings/Startup_Code/startup.o
 .ARM.attributes
                0x000003af       0x1b ./Project_Settings/Startup_Code/startup_S32K144.o
 .ARM.attributes
                0x000003ca       0x33 ./Project_Settings/Startup_Code/system_S32K144.o
 .ARM.attributes
                0x000003fd       0x33 ./src/main.o
 .ARM.attributes
                0x00000430       0x33 ./src/uart.o
 .ARM.attributes
                0x00000463       0x2e D:/NXP/S32DS_ARM_v2.2/S32DS/build_tools/gcc_v4.9/gcc-arm-none-eabi-4_9/arm-none-eabi/newlib/lib/armv7e-m\libc.a(lib_a-impure.o)
 .ARM.attributes
                0x00000491       0x2e D:/NXP/S32DS_ARM_v2.2/S32DS/build_tools/gcc_v4.9/gcc-arm-none-eabi-4_9/arm-none-eabi/newlib/lib/armv7e-m\libc.a(lib_a-memset.o)
 .ARM.attributes
                0x000004bf       0x2e D:/NXP/S32DS_ARM_v2.2/S32DS/build_tools/gcc_v4.9/gcc-arm-none-eabi-4_9/arm-none-eabi/newlib/lib/armv7e-m\libc.a(lib_a-sprintf.o)
 .ARM.attributes
                0x000004ed       0x2e D:/NXP/S32DS_ARM_v2.2/S32DS/build_tools/gcc_v4.9/gcc-arm-none-eabi-4_9/arm-none-eabi/newlib/lib/armv7e-m\libc.a(lib_a-svfprintf.o)
 .ARM.attributes
                0x0000051b       0x2e D:/NXP/S32DS_ARM_v2.2/S32DS/build_tools/gcc_v4.9/gcc-arm-none-eabi-4_9/arm-none-eabi/newlib/lib/armv7e-m\libc.a(lib_a-__call_atexit.o)
 .ARM.attributes
                0x00000549       0x2e D:/NXP/S32DS_ARM_v2.2/S32DS/build_tools/gcc_v4.9/gcc-arm-none-eabi-4_9/arm-none-eabi/newlib/lib/armv7e-m\libc.a(lib_a-atexit.o)
 .ARM.attributes
                0x00000577       0x2e D:/NXP/S32DS_ARM_v2.2/S32DS/build_tools/gcc_v4.9/gcc-arm-none-eabi-4_9/arm-none-eabi/newlib/lib/armv7e-m\libc.a(lib_a-dtoa.o)
 .ARM.attributes
                0x000005a5       0x2e D:/NXP/S32DS_ARM_v2.2/S32DS/build_tools/gcc_v4.9/gcc-arm-none-eabi-4_9/arm-none-eabi/newlib/lib/armv7e-m\libc.a(lib_a-fini.o)
 .ARM.attributes
                0x000005d3       0x2e D:/NXP/S32DS_ARM_v2.2/S32DS/build_tools/gcc_v4.9/gcc-arm-none-eabi-4_9/arm-none-eabi/newlib/lib/armv7e-m\libc.a(lib_a-locale.o)
 .ARM.attributes
                0x00000601       0x2e D:/NXP/S32DS_ARM_v2.2/S32DS/build_tools/gcc_v4.9/gcc-arm-none-eabi-4_9/arm-none-eabi/newlib/lib/armv7e-m\libc.a(lib_a-mallocr.o)
 .ARM.attributes
                0x0000062f       0x2e D:/NXP/S32DS_ARM_v2.2/S32DS/build_tools/gcc_v4.9/gcc-arm-none-eabi-4_9/arm-none-eabi/newlib/lib/armv7e-m\libc.a(lib_a-memchr.o)
 .ARM.attributes
                0x0000065d       0x1c D:/NXP/S32DS_ARM_v2.2/S32DS/build_tools/gcc_v4.9/gcc-arm-none-eabi-4_9/arm-none-eabi/newlib/lib/armv7e-m\libc.a(lib_a-memcpy.o)
 .ARM.attributes
                0x00000679       0x2e D:/NXP/S32DS_ARM_v2.2/S32DS/build_tools/gcc_v4.9/gcc-arm-none-eabi-4_9/arm-none-eabi/newlib/lib/armv7e-m\libc.a(lib_a-mlock.o)
 .ARM.attributes
                0x000006a7       0x2e D:/NXP/S32DS_ARM_v2.2/S32DS/build_tools/gcc_v4.9/gcc-arm-none-eabi-4_9/arm-none-eabi/newlib/lib/armv7e-m\libc.a(lib_a-mprec.o)
 .ARM.attributes
                0x000006d5       0x2e D:/NXP/S32DS_ARM_v2.2/S32DS/build_tools/gcc_v4.9/gcc-arm-none-eabi-4_9/arm-none-eabi/newlib/lib/armv7e-m\libc.a(lib_a-s_fpclassify.o)
 .ARM.attributes
                0x00000703       0x2e D:/NXP/S32DS_ARM_v2.2/S32DS/build_tools/gcc_v4.9/gcc-arm-none-eabi-4_9/arm-none-eabi/newlib/lib/armv7e-m\libc.a(lib_a-sbrkr.o)
 .ARM.attributes
                0x00000731       0x2e D:/NXP/S32DS_ARM_v2.2/S32DS/build_tools/gcc_v4.9/gcc-arm-none-eabi-4_9/arm-none-eabi/newlib/lib/armv7e-m\libc.a(lib_a-strlen.o)
 .ARM.attributes
                0x0000075f       0x2e D:/NXP/S32DS_ARM_v2.2/S32DS/build_tools/gcc_v4.9/gcc-arm-none-eabi-4_9/arm-none-eabi/newlib/lib/armv7e-m\libc.a(lib_a-svfiprintf.o)
 .ARM.attributes
                0x0000078d       0x2e D:/NXP/S32DS_ARM_v2.2/S32DS/build_tools/gcc_v4.9/gcc-arm-none-eabi-4_9/arm-none-eabi/newlib/lib/armv7e-m\libc.a(lib_a-__atexit.o)
 .ARM.attributes
                0x000007bb       0x2e D:/NXP/S32DS_ARM_v2.2/S32DS/build_tools/gcc_v4.9/gcc-arm-none-eabi-4_9/arm-none-eabi/newlib/lib/armv7e-m\libc.a(lib_a-callocr.o)
 .ARM.attributes
                0x000007e9       0x2e D:/NXP/S32DS_ARM_v2.2/S32DS/build_tools/gcc_v4.9/gcc-arm-none-eabi-4_9/arm-none-eabi/newlib/lib/armv7e-m\libc.a(lib_a-freer.o)
 .ARM.attributes
                0x00000817       0x2e D:/NXP/S32DS_ARM_v2.2/S32DS/build_tools/gcc_v4.9/gcc-arm-none-eabi-4_9/arm-none-eabi/newlib/lib/armv7e-m\libc.a(lib_a-memmove.o)
 .ARM.attributes
                0x00000845       0x2e D:/NXP/S32DS_ARM_v2.2/S32DS/build_tools/gcc_v4.9/gcc-arm-none-eabi-4_9/arm-none-eabi/newlib/lib/armv7e-m\libc.a(lib_a-reallocr.o)
 .ARM.attributes
                0x00000873       0x2e D:/NXP/S32DS_ARM_v2.2/S32DS/build_tools/gcc_v4.9/gcc-arm-none-eabi-4_9/arm-none-eabi/newlib/lib/armv7e-m\libc.a(lib_a-reent.o)
 .ARM.attributes
                0x000008a1       0x1e d:/nxp/s32ds_arm_v2.2/s32ds/build_tools/gcc_v4.9/gcc-arm-none-eabi-4_9/bin/../lib/gcc/arm-none-eabi/4.9.3/armv7e-m\libgcc.a(_arm_addsubdf3.o)
 .ARM.attributes
                0x000008bf       0x1e d:/nxp/s32ds_arm_v2.2/s32ds/build_tools/gcc_v4.9/gcc-arm-none-eabi-4_9/bin/../lib/gcc/arm-none-eabi/4.9.3/armv7e-m\libgcc.a(_arm_muldivdf3.o)
 .ARM.attributes
                0x000008dd       0x1e d:/nxp/s32ds_arm_v2.2/s32ds/build_tools/gcc_v4.9/gcc-arm-none-eabi-4_9/bin/../lib/gcc/arm-none-eabi/4.9.3/armv7e-m\libgcc.a(_arm_cmpdf2.o)
 .ARM.attributes
                0x000008fb       0x1e d:/nxp/s32ds_arm_v2.2/s32ds/build_tools/gcc_v4.9/gcc-arm-none-eabi-4_9/bin/../lib/gcc/arm-none-eabi/4.9.3/armv7e-m\libgcc.a(_arm_fixdfsi.o)
 .ARM.attributes
                0x00000919       0x1e d:/nxp/s32ds_arm_v2.2/s32ds/build_tools/gcc_v4.9/gcc-arm-none-eabi-4_9/bin/../lib/gcc/arm-none-eabi/4.9.3/armv7e-m\libgcc.a(_aeabi_uldivmod.o)
 .ARM.attributes
                0x00000937       0x2e d:/nxp/s32ds_arm_v2.2/s32ds/build_tools/gcc_v4.9/gcc-arm-none-eabi-4_9/bin/../lib/gcc/arm-none-eabi/4.9.3/armv7e-m\libgcc.a(bpabi.o)
 .ARM.attributes
                0x00000965       0x1e d:/nxp/s32ds_arm_v2.2/s32ds/build_tools/gcc_v4.9/gcc-arm-none-eabi-4_9/bin/../lib/gcc/arm-none-eabi/4.9.3/armv7e-m\libgcc.a(_dvmd_tls.o)
 .ARM.attributes
                0x00000983       0x2e d:/nxp/s32ds_arm_v2.2/s32ds/build_tools/gcc_v4.9/gcc-arm-none-eabi-4_9/bin/../lib/gcc/arm-none-eabi/4.9.3/armv7e-m\libgcc.a(_divdi3.o)
 .ARM.attributes
                0x000009b1       0x2e d:/nxp/s32ds_arm_v2.2/s32ds/build_tools/gcc_v4.9/gcc-arm-none-eabi-4_9/bin/../lib/gcc/arm-none-eabi/4.9.3/armv7e-m\libgcc.a(_udivdi3.o)
 .ARM.attributes
                0x000009df       0x2e D:/NXP/S32DS_ARM_v2.2/S32DS/build_tools/gcc_v4.9/gcc-arm-none-eabi-4_9/arm-none-eabi/newlib/lib/armv7e-m\libnosys.a(sbrk.o)
 .ARM.attributes
                0x00000a0d       0x2e d:/nxp/s32ds_arm_v2.2/s32ds/build_tools/gcc_v4.9/gcc-arm-none-eabi-4_9/bin/../lib/gcc/arm-none-eabi/4.9.3/armv7e-m/crtend.o
 .ARM.attributes
                0x00000a3b       0x1e d:/nxp/s32ds_arm_v2.2/s32ds/build_tools/gcc_v4.9/gcc-arm-none-eabi-4_9/bin/../lib/gcc/arm-none-eabi/4.9.3/armv7e-m/crtn.o
                0x00000001                ASSERT ((__StackLimit >= __HeapLimit), region m_data overflowed with stack and heap)

/DISCARD/
 *(.FlashConfig)
OUTPUT(AutosarMcu.elf elf32-littlearm)

.debug_info     0x00000000     0x77be
 .debug_info    0x00000000      0x310 ./Autosar/Det/src/Det.o
 .debug_info    0x00000310      0xc62 ./Autosar/Gpt/src/Gpt.o
 .debug_info    0x00000f72      0x2af ./Autosar/Gpt/src/Gpt_Ipw.o
 .debug_info    0x00001221      0x1c5 ./Autosar/Gpt/src/Gpt_Lptmr.o
 .debug_info    0x000013e6      0x27d ./Autosar/Gpt/src/Gpt_PBcfg.o
 .debug_info    0x00001663     0x1270 ./Autosar/Gpt/src/SchM_Gpt.o
 .debug_info    0x000028d3       0xbb ./Autosar/Mcl/src/Lptmr_Common.o
 .debug_info    0x0000298e      0xc4f ./Autosar/Mcu/src/Mcu.o
 .debug_info    0x000035dd      0x88f ./Autosar/Mcu/src/Mcu_Exe.o
 .debug_info    0x00003e6c      0xcd8 ./Autosar/Mcu/src/Mcu_PBcfg.o
 .debug_info    0x00004b44      0x13c ./Autosar/Mcu/src/Mcu_PCC.o
 .debug_info    0x00004c80      0x109 ./Autosar/Mcu/src/Mcu_PMC.o
 .debug_info    0x00004d89      0x180 ./Autosar/Mcu/src/Mcu_RCM.o
 .debug_info    0x00004f09      0x43b ./Autosar/Mcu/src/Mcu_SCG.o
 .debug_info    0x00005344      0x35f ./Autosar/Mcu/src/Mcu_SIM.o
 .debug_info    0x000056a3       0xf4 ./Autosar/Mcu/src/Mcu_SMC.o
 .debug_info    0x00005797      0x49c ./Project_Settings/Startup_Code/startup.o
 .debug_info    0x00005c33       0x8a ./Project_Settings/Startup_Code/startup_S32K144.o
 .debug_info    0x00005cbd      0x516 ./Project_Settings/Startup_Code/system_S32K144.o
 .debug_info    0x000061d3     0x1168 ./src/main.o
 .debug_info    0x0000733b      0x483 ./src/uart.o

.debug_abbrev   0x00000000     0x1285
 .debug_abbrev  0x00000000       0xa2 ./Autosar/Det/src/Det.o
 .debug_abbrev  0x000000a2      0x197 ./Autosar/Gpt/src/Gpt.o
 .debug_abbrev  0x00000239       0xfd ./Autosar/Gpt/src/Gpt_Ipw.o
 .debug_abbrev  0x00000336       0xfd ./Autosar/Gpt/src/Gpt_Lptmr.o
 .debug_abbrev  0x00000433       0xd4 ./Autosar/Gpt/src/Gpt_PBcfg.o
 .debug_abbrev  0x00000507       0xa0 ./Autosar/Gpt/src/SchM_Gpt.o
 .debug_abbrev  0x000005a7       0x71 ./Autosar/Mcl/src/Lptmr_Common.o
 .debug_abbrev  0x00000618      0x145 ./Autosar/Mcu/src/Mcu.o
 .debug_abbrev  0x0000075d       0xfc ./Autosar/Mcu/src/Mcu_Exe.o
 .debug_abbrev  0x00000859       0xbb ./Autosar/Mcu/src/Mcu_PBcfg.o
 .debug_abbrev  0x00000914       0xb2 ./Autosar/Mcu/src/Mcu_PCC.o
 .debug_abbrev  0x000009c6       0xa0 ./Autosar/Mcu/src/Mcu_PMC.o
 .debug_abbrev  0x00000a66       0xa0 ./Autosar/Mcu/src/Mcu_RCM.o
 .debug_abbrev  0x00000b06      0x108 ./Autosar/Mcu/src/Mcu_SCG.o
 .debug_abbrev  0x00000c0e       0x91 ./Autosar/Mcu/src/Mcu_SIM.o
 .debug_abbrev  0x00000c9f       0x91 ./Autosar/Mcu/src/Mcu_SMC.o
 .debug_abbrev  0x00000d30      0x101 ./Project_Settings/Startup_Code/startup.o
 .debug_abbrev  0x00000e31       0x14 ./Project_Settings/Startup_Code/startup_S32K144.o
 .debug_abbrev  0x00000e45      0x118 ./Project_Settings/Startup_Code/system_S32K144.o
 .debug_abbrev  0x00000f5d      0x1fe ./src/main.o
 .debug_abbrev  0x0000115b      0x12a ./src/uart.o

.debug_aranges  0x00000000      0x878
 .debug_aranges
                0x00000000       0x40 ./Autosar/Det/src/Det.o
 .debug_aranges
                0x00000040       0x80 ./Autosar/Gpt/src/Gpt.o
 .debug_aranges
                0x000000c0       0x50 ./Autosar/Gpt/src/Gpt_Ipw.o
 .debug_aranges
                0x00000110       0x58 ./Autosar/Gpt/src/Gpt_Lptmr.o
 .debug_aranges
                0x00000168       0x18 ./Autosar/Gpt/src/Gpt_PBcfg.o
 .debug_aranges
                0x00000180      0x430 ./Autosar/Gpt/src/SchM_Gpt.o
 .debug_aranges
                0x000005b0       0x20 ./Autosar/Mcl/src/Lptmr_Common.o
 .debug_aranges
                0x000005d0       0x70 ./Autosar/Mcu/src/Mcu.o
 .debug_aranges
                0x00000640       0x40 ./Autosar/Mcu/src/Mcu_Exe.o
 .debug_aranges
                0x00000680       0x18 ./Autosar/Mcu/src/Mcu_PBcfg.o
 .debug_aranges
                0x00000698       0x20 ./Autosar/Mcu/src/Mcu_PCC.o
 .debug_aranges
                0x000006b8       0x20 ./Autosar/Mcu/src/Mcu_PMC.o
 .debug_aranges
                0x000006d8       0x20 ./Autosar/Mcu/src/Mcu_RCM.o
 .debug_aranges
                0x000006f8       0x50 ./Autosar/Mcu/src/Mcu_SCG.o
 .debug_aranges
                0x00000748       0x28 ./Autosar/Mcu/src/Mcu_SIM.o
 .debug_aranges
                0x00000770       0x20 ./Autosar/Mcu/src/Mcu_SMC.o
 .debug_aranges
                0x00000790       0x20 ./Project_Settings/Startup_Code/startup.o
 .debug_aranges
                0x000007b0       0x20 ./Project_Settings/Startup_Code/startup_S32K144.o
 .debug_aranges
                0x000007d0       0x30 ./Project_Settings/Startup_Code/system_S32K144.o
 .debug_aranges
                0x00000800       0x48 ./src/main.o
 .debug_aranges
                0x00000848       0x30 ./src/uart.o

.debug_ranges   0x00000000      0x708
 .debug_ranges  0x00000000       0x30 ./Autosar/Det/src/Det.o
 .debug_ranges  0x00000030       0x70 ./Autosar/Gpt/src/Gpt.o
 .debug_ranges  0x000000a0       0x40 ./Autosar/Gpt/src/Gpt_Ipw.o
 .debug_ranges  0x000000e0       0x48 ./Autosar/Gpt/src/Gpt_Lptmr.o
 .debug_ranges  0x00000128      0x420 ./Autosar/Gpt/src/SchM_Gpt.o
 .debug_ranges  0x00000548       0x10 ./Autosar/Mcl/src/Lptmr_Common.o
 .debug_ranges  0x00000558       0x60 ./Autosar/Mcu/src/Mcu.o
 .debug_ranges  0x000005b8       0x30 ./Autosar/Mcu/src/Mcu_Exe.o
 .debug_ranges  0x000005e8       0x10 ./Autosar/Mcu/src/Mcu_PCC.o
 .debug_ranges  0x000005f8       0x10 ./Autosar/Mcu/src/Mcu_PMC.o
 .debug_ranges  0x00000608       0x10 ./Autosar/Mcu/src/Mcu_RCM.o
 .debug_ranges  0x00000618       0x40 ./Autosar/Mcu/src/Mcu_SCG.o
 .debug_ranges  0x00000658       0x18 ./Autosar/Mcu/src/Mcu_SIM.o
 .debug_ranges  0x00000670       0x10 ./Autosar/Mcu/src/Mcu_SMC.o
 .debug_ranges  0x00000680       0x10 ./Project_Settings/Startup_Code/startup.o
 .debug_ranges  0x00000690       0x20 ./Project_Settings/Startup_Code/system_S32K144.o
 .debug_ranges  0x000006b0       0x38 ./src/main.o
 .debug_ranges  0x000006e8       0x20 ./src/uart.o

.debug_macro    0x00000000    0x27a37
 .debug_macro   0x00000000       0x53 ./Autosar/Det/src/Det.o
 .debug_macro   0x00000053      0x868 ./Autosar/Det/src/Det.o
 .debug_macro   0x000008bb       0x89 ./Autosar/Det/src/Det.o
 .debug_macro   0x00000944      0x7d7 ./Autosar/Det/src/Det.o
 .debug_macro   0x0000111b       0x3b ./Autosar/Det/src/Det.o
 .debug_macro   0x00001156       0xa4 ./Autosar/Det/src/Det.o
 .debug_macro   0x000011fa       0x6b ./Autosar/Det/src/Det.o
 .debug_macro   0x00001265       0x10 ./Autosar/Det/src/Det.o
 .debug_macro   0x00001275      0x262 ./Autosar/Gpt/src/Gpt.o
 .debug_macro   0x000014d7       0xbd ./Autosar/Gpt/src/Gpt.o
 .debug_macro   0x00001594      0x1b8 ./Autosar/Gpt/src/Gpt.o
 .debug_macro   0x0000174c       0x64 ./Autosar/Gpt/src/Gpt.o
 .debug_macro   0x000017b0       0x66 ./Autosar/Gpt/src/Gpt.o
 .debug_macro   0x00001816       0x3a ./Autosar/Gpt/src/Gpt.o
 .debug_macro   0x00001850      0x359 ./Autosar/Gpt/src/Gpt.o
 .debug_macro   0x00001ba9      0x1f6 ./Autosar/Gpt/src/Gpt.o
 .debug_macro   0x00001d9f       0x3a ./Autosar/Gpt/src/Gpt.o
 .debug_macro   0x00001dd9       0x50 ./Autosar/Gpt/src/Gpt.o
 .debug_macro   0x00001e29       0x50 ./Autosar/Gpt/src/Gpt.o
 .debug_macro   0x00001e79     0x1241 ./Autosar/Gpt/src/Gpt.o
 .debug_macro   0x000030ba       0x34 ./Autosar/Gpt/src/Gpt.o
 .debug_macro   0x000030ee       0x3b ./Autosar/Gpt/src/Gpt.o
 .debug_macro   0x00003129       0x2e ./Autosar/Gpt/src/Gpt.o
 .debug_macro   0x00003157      0x10d ./Autosar/Gpt/src/Gpt.o
 .debug_macro   0x00003264       0x50 ./Autosar/Gpt/src/Gpt.o
 .debug_macro   0x000032b4       0x50 ./Autosar/Gpt/src/Gpt.o
 .debug_macro   0x00003304       0x50 ./Autosar/Gpt/src/Gpt.o
 .debug_macro   0x00003354       0x50 ./Autosar/Gpt/src/Gpt.o
 .debug_macro   0x000033a4       0x3a ./Autosar/Gpt/src/Gpt.o
 .debug_macro   0x000033de       0x3a ./Autosar/Gpt/src/Gpt.o
 .debug_macro   0x00003418       0x50 ./Autosar/Gpt/src/Gpt.o
 .debug_macro   0x00003468       0x50 ./Autosar/Gpt/src/Gpt.o
 .debug_macro   0x000034b8       0x50 ./Autosar/Gpt/src/Gpt.o
 .debug_macro   0x00003508       0x50 ./Autosar/Gpt/src/Gpt.o
 .debug_macro   0x00003558      0x22c ./Autosar/Gpt/src/Gpt_Ipw.o
 .debug_macro   0x00003784       0x6b ./Autosar/Gpt/src/Gpt_Ipw.o
 .debug_macro   0x000037ef      0x1fc ./Autosar/Gpt/src/Gpt_Ipw.o
 .debug_macro   0x000039eb       0x3b ./Autosar/Gpt/src/Gpt_Ipw.o
 .debug_macro   0x00003a26       0x3a ./Autosar/Gpt/src/Gpt_Ipw.o
 .debug_macro   0x00003a60       0x3b ./Autosar/Gpt/src/Gpt_Ipw.o
 .debug_macro   0x00003a9b       0x3a ./Autosar/Gpt/src/Gpt_Ipw.o
 .debug_macro   0x00003ad5      0x1af ./Autosar/Gpt/src/Gpt_Lptmr.o
 .debug_macro   0x00003c84       0x35 ./Autosar/Gpt/src/Gpt_Lptmr.o
 .debug_macro   0x00003cb9       0x34 ./Autosar/Gpt/src/Gpt_Lptmr.o
 .debug_macro   0x00003ced       0xd1 ./Autosar/Gpt/src/Gpt_Lptmr.o
 .debug_macro   0x00003dbe      0x1db ./Autosar/Gpt/src/Gpt_PBcfg.o
 .debug_macro   0x00003f99       0x96 ./Autosar/Gpt/src/SchM_Gpt.o
 .debug_macro   0x0000402f      0x1a2 ./Autosar/Mcl/src/Lptmr_Common.o
 .debug_macro   0x000041d1      0x114 ./Autosar/Mcu/src/Mcu.o
 .debug_macro   0x000042e5       0xe9 ./Autosar/Mcu/src/Mcu.o
 .debug_macro   0x000043ce      0x1fc ./Autosar/Mcu/src/Mcu.o
 .debug_macro   0x000045ca       0xc4 ./Autosar/Mcu/src/Mcu.o
 .debug_macro   0x0000468e       0xd0 ./Autosar/Mcu/src/Mcu.o
 .debug_macro   0x0000475e      0x796 ./Autosar/Mcu/src/Mcu.o
 .debug_macro   0x00004ef4      0x2e1 ./Autosar/Mcu/src/Mcu.o
 .debug_macro   0x000051d5      0x5c6 ./Autosar/Mcu/src/Mcu.o
 .debug_macro   0x0000579b      0x237 ./Autosar/Mcu/src/Mcu.o
 .debug_macro   0x000059d2      0x125 ./Autosar/Mcu/src/Mcu_Exe.o
 .debug_macro   0x00005af7      0x101 ./Autosar/Mcu/src/Mcu_PBcfg.o
 .debug_macro   0x00005bf8       0x97 ./Autosar/Mcu/src/Mcu_PCC.o
 .debug_macro   0x00005c8f      0x2db ./Autosar/Mcu/src/Mcu_PCC.o
 .debug_macro   0x00005f6a       0x97 ./Autosar/Mcu/src/Mcu_PMC.o
 .debug_macro   0x00006001       0x97 ./Autosar/Mcu/src/Mcu_RCM.o
 .debug_macro   0x00006098      0x231 ./Autosar/Mcu/src/Mcu_RCM.o
 .debug_macro   0x000062c9       0xb3 ./Autosar/Mcu/src/Mcu_SCG.o
 .debug_macro   0x0000637c      0x5c0 ./Autosar/Mcu/src/Mcu_SCG.o
 .debug_macro   0x0000693c       0x97 ./Autosar/Mcu/src/Mcu_SIM.o
 .debug_macro   0x000069d3      0x790 ./Autosar/Mcu/src/Mcu_SIM.o
 .debug_macro   0x00007163       0x97 ./Autosar/Mcu/src/Mcu_SMC.o
 .debug_macro   0x000071fa       0xca ./Autosar/Mcu/src/Mcu_SMC.o
 .debug_macro   0x000072c4       0xa6 ./Project_Settings/Startup_Code/startup.o
 .debug_macro   0x0000736a       0x22 ./Project_Settings/Startup_Code/startup.o
 .debug_macro   0x0000738c       0x44 ./Project_Settings/Startup_Code/startup.o
 .debug_macro   0x000073d0       0xe3 ./Project_Settings/Startup_Code/startup.o
 .debug_macro   0x000074b3       0x22 ./Project_Settings/Startup_Code/startup.o
 .debug_macro   0x000074d5      0x1df ./Project_Settings/Startup_Code/startup.o
 .debug_macro   0x000076b4       0x10 ./Project_Settings/Startup_Code/startup.o
 .debug_macro   0x000076c4       0x7a ./Project_Settings/Startup_Code/startup.o
 .debug_macro   0x0000773e     0xed32 ./Project_Settings/Startup_Code/startup.o
 .debug_macro   0x00016470      0xb86 ./Project_Settings/Startup_Code/startup.o
 .debug_macro   0x00016ff6       0x22 ./Project_Settings/Startup_Code/startup.o
 .debug_macro   0x00017018       0x40 ./Project_Settings/Startup_Code/startup.o
 .debug_macro   0x00017058       0xa6 ./Project_Settings/Startup_Code/system_S32K144.o
 .debug_macro   0x000170fe       0x19 ./Project_Settings/Startup_Code/system_S32K144.o
 .debug_macro   0x00017117     0xed1d ./Project_Settings/Startup_Code/system_S32K144.o
 .debug_macro   0x00025e34       0x28 ./Project_Settings/Startup_Code/system_S32K144.o
 .debug_macro   0x00025e5c      0x34c ./src/main.o
 .debug_macro   0x000261a8      0xde8 ./src/main.o
 .debug_macro   0x00026f90       0x58 ./src/main.o
 .debug_macro   0x00026fe8       0x35 ./src/main.o
 .debug_macro   0x0002701d       0x9c ./src/main.o
 .debug_macro   0x000270b9       0x16 ./src/main.o
 .debug_macro   0x000270cf       0x97 ./src/main.o
 .debug_macro   0x00027166      0x29d ./src/main.o
 .debug_macro   0x00027403       0xef ./src/main.o
 .debug_macro   0x000274f2       0x10 ./src/main.o
 .debug_macro   0x00027502       0x52 ./src/main.o
 .debug_macro   0x00027554       0x16 ./src/main.o
 .debug_macro   0x0002756a       0x43 ./src/main.o
 .debug_macro   0x000275ad      0x180 ./src/main.o
 .debug_macro   0x0002772d       0x10 ./src/main.o
 .debug_macro   0x0002773d       0x22 ./src/main.o
 .debug_macro   0x0002775f       0xbe ./src/main.o
 .debug_macro   0x0002781d       0x16 ./src/main.o
 .debug_macro   0x00027833      0x197 ./src/main.o
 .debug_macro   0x000279ca       0x6d ./src/uart.o

.debug_line     0x00000000     0x4595
 .debug_line    0x00000000      0x189 ./Autosar/Det/src/Det.o
 .debug_line    0x00000189      0x6c1 ./Autosar/Gpt/src/Gpt.o
 .debug_line    0x0000084a      0x3c8 ./Autosar/Gpt/src/Gpt_Ipw.o
 .debug_line    0x00000c12      0x355 ./Autosar/Gpt/src/Gpt_Lptmr.o
 .debug_line    0x00000f67      0x296 ./Autosar/Gpt/src/Gpt_PBcfg.o
 .debug_line    0x000011fd      0xda2 ./Autosar/Gpt/src/SchM_Gpt.o
 .debug_line    0x00001f9f      0x28d ./Autosar/Mcl/src/Lptmr_Common.o
 .debug_line    0x0000222c      0x39d ./Autosar/Mcu/src/Mcu.o
 .debug_line    0x000025c9      0x26b ./Autosar/Mcu/src/Mcu_Exe.o
 .debug_line    0x00002834      0x1fc ./Autosar/Mcu/src/Mcu_PBcfg.o
 .debug_line    0x00002a30      0x183 ./Autosar/Mcu/src/Mcu_PCC.o
 .debug_line    0x00002bb3      0x16e ./Autosar/Mcu/src/Mcu_PMC.o
 .debug_line    0x00002d21      0x170 ./Autosar/Mcu/src/Mcu_RCM.o
 .debug_line    0x00002e91      0x31a ./Autosar/Mcu/src/Mcu_SCG.o
 .debug_line    0x000031ab      0x18a ./Autosar/Mcu/src/Mcu_SIM.o
 .debug_line    0x00003335      0x16b ./Autosar/Mcu/src/Mcu_SMC.o
 .debug_line    0x000034a0      0x318 ./Project_Settings/Startup_Code/startup.o
 .debug_line    0x000037b8       0x85 ./Project_Settings/Startup_Code/startup_S32K144.o
 .debug_line    0x0000383d      0x333 ./Project_Settings/Startup_Code/system_S32K144.o
 .debug_line    0x00003b70      0x77f ./src/main.o
 .debug_line    0x000042ef      0x2a6 ./src/uart.o

.debug_str      0x00000000    0x8a801
 .debug_str     0x00000000     0x3fd5 ./Autosar/Det/src/Det.o
                               0x407d (size before relaxing)
 .debug_str     0x00003fd5     0xcd86 ./Autosar/Gpt/src/Gpt.o
                              0x10eb1 (size before relaxing)
 .debug_str     0x00010d5b      0x575 ./Autosar/Gpt/src/Gpt_Ipw.o
                              0x10b48 (size before relaxing)
 .debug_str     0x000112d0     0x225f ./Autosar/Gpt/src/Gpt_Lptmr.o
                               0x7d2b (size before relaxing)
 .debug_str     0x0001352f      0x132 ./Autosar/Gpt/src/Gpt_PBcfg.o
                              0x10733 (size before relaxing)
 .debug_str     0x00013661     0x1a1c ./Autosar/Gpt/src/SchM_Gpt.o
                               0x5c93 (size before relaxing)
 .debug_str     0x0001507d      0x4f8 ./Autosar/Mcl/src/Lptmr_Common.o
                               0x7cce (size before relaxing)
 .debug_str     0x00015575     0xafbb ./Autosar/Mcu/src/Mcu.o
                               0xfc2b (size before relaxing)
 .debug_str     0x00020530      0x12b ./Autosar/Mcu/src/Mcu_Exe.o
                               0xf943 (size before relaxing)
 .debug_str     0x0002065b      0x5c2 ./Autosar/Mcu/src/Mcu_PBcfg.o
                               0xff68 (size before relaxing)
 .debug_str     0x00020c1d       0x4b ./Autosar/Mcu/src/Mcu_PCC.o
                               0x7354 (size before relaxing)
 .debug_str     0x00020c68       0x40 ./Autosar/Mcu/src/Mcu_PMC.o
                               0x6244 (size before relaxing)
 .debug_str     0x00020ca8       0x55 ./Autosar/Mcu/src/Mcu_RCM.o
                               0x6e02 (size before relaxing)
 .debug_str     0x00020cfd       0xd4 ./Autosar/Mcu/src/Mcu_SCG.o
                               0xa403 (size before relaxing)
 .debug_str     0x00020dd1       0x5d ./Autosar/Mcu/src/Mcu_SIM.o
                               0x9d40 (size before relaxing)
 .debug_str     0x00020e2e       0x38 ./Autosar/Mcu/src/Mcu_SMC.o
                               0x62ff (size before relaxing)
 .debug_str     0x00020e66    0x65fc2 ./Project_Settings/Startup_Code/startup.o
                              0x685a7 (size before relaxing)
 .debug_str     0x00086e28      0x1f3 ./Project_Settings/Startup_Code/system_S32K144.o
                              0x68418 (size before relaxing)
 .debug_str     0x0008701b     0x3713 ./src/main.o
                              0x7d791 (size before relaxing)
 .debug_str     0x0008a72e       0xd3 ./src/uart.o
                              0x62a08 (size before relaxing)

.comment        0x00000000       0x70
 .comment       0x00000000       0x70 ./Autosar/Det/src/Det.o
                                 0x71 (size before relaxing)
 .comment       0x00000000       0x71 ./Autosar/Gpt/src/Gpt.o
 .comment       0x00000000       0x71 ./Autosar/Gpt/src/Gpt_Ipw.o
 .comment       0x00000000       0x71 ./Autosar/Gpt/src/Gpt_Lptmr.o
 .comment       0x00000000       0x71 ./Autosar/Gpt/src/Gpt_PBcfg.o
 .comment       0x00000000       0x71 ./Autosar/Gpt/src/SchM_Gpt.o
 .comment       0x00000000       0x71 ./Autosar/Mcl/src/Lptmr_Common.o
 .comment       0x00000000       0x71 ./Autosar/Mcu/src/Mcu.o
 .comment       0x00000000       0x71 ./Autosar/Mcu/src/Mcu_Exe.o
 .comment       0x00000000       0x71 ./Autosar/Mcu/src/Mcu_PBcfg.o
 .comment       0x00000000       0x71 ./Autosar/Mcu/src/Mcu_PCC.o
 .comment       0x00000000       0x71 ./Autosar/Mcu/src/Mcu_PMC.o
 .comment       0x00000000       0x71 ./Autosar/Mcu/src/Mcu_RCM.o
 .comment       0x00000000       0x71 ./Autosar/Mcu/src/Mcu_SCG.o
 .comment       0x00000000       0x71 ./Autosar/Mcu/src/Mcu_SIM.o
 .comment       0x00000000       0x71 ./Autosar/Mcu/src/Mcu_SMC.o
 .comment       0x00000000       0x71 ./Project_Settings/Startup_Code/startup.o
 .comment       0x00000000       0x71 ./Project_Settings/Startup_Code/system_S32K144.o
 .comment       0x00000000       0x71 ./src/main.o
 .comment       0x00000000       0x71 ./src/uart.o

.debug_frame    0x00000000     0x2500
 .debug_frame   0x00000000       0xd4 ./Autosar/Det/src/Det.o
 .debug_frame   0x000000d4      0x1e8 ./Autosar/Gpt/src/Gpt.o
 .debug_frame   0x000002bc      0x10c ./Autosar/Gpt/src/Gpt_Ipw.o
 .debug_frame   0x000003c8      0x11c ./Autosar/Gpt/src/Gpt_Lptmr.o
 .debug_frame   0x000004e4      0xf70 ./Autosar/Gpt/src/SchM_Gpt.o
 .debug_frame   0x00001454       0x2c ./Autosar/Mcl/src/Lptmr_Common.o
 .debug_frame   0x00001480      0x1a0 ./Autosar/Mcu/src/Mcu.o
 .debug_frame   0x00001620       0xbc ./Autosar/Mcu/src/Mcu_Exe.o
 .debug_frame   0x000016dc       0x38 ./Autosar/Mcu/src/Mcu_PCC.o
 .debug_frame   0x00001714       0x38 ./Autosar/Mcu/src/Mcu_PMC.o
 .debug_frame   0x0000174c       0x38 ./Autosar/Mcu/src/Mcu_RCM.o
 .debug_frame   0x00001784      0x128 ./Autosar/Mcu/src/Mcu_SCG.o
 .debug_frame   0x000018ac       0x60 ./Autosar/Mcu/src/Mcu_SIM.o
 .debug_frame   0x0000190c       0x38 ./Autosar/Mcu/src/Mcu_SMC.o
 .debug_frame   0x00001944       0x38 ./Project_Settings/Startup_Code/startup.o
 .debug_frame   0x0000197c       0x80 ./Project_Settings/Startup_Code/system_S32K144.o
 .debug_frame   0x000019fc       0xf0 ./src/main.o
 .debug_frame   0x00001aec       0x7c ./src/uart.o
 .debug_frame   0x00001b68       0x34 D:/NXP/S32DS_ARM_v2.2/S32DS/build_tools/gcc_v4.9/gcc-arm-none-eabi-4_9/arm-none-eabi/newlib/lib/armv7e-m\libc.a(lib_a-memset.o)
 .debug_frame   0x00001b9c       0x84 D:/NXP/S32DS_ARM_v2.2/S32DS/build_tools/gcc_v4.9/gcc-arm-none-eabi-4_9/arm-none-eabi/newlib/lib/armv7e-m\libc.a(lib_a-sprintf.o)
 .debug_frame   0x00001c20       0x40 D:/NXP/S32DS_ARM_v2.2/S32DS/build_tools/gcc_v4.9/gcc-arm-none-eabi-4_9/arm-none-eabi/newlib/lib/armv7e-m\libc.a(lib_a-svfprintf.o)
 .debug_frame   0x00001c60       0x50 D:/NXP/S32DS_ARM_v2.2/S32DS/build_tools/gcc_v4.9/gcc-arm-none-eabi-4_9/arm-none-eabi/newlib/lib/armv7e-m\libc.a(lib_a-__call_atexit.o)
 .debug_frame   0x00001cb0       0x20 D:/NXP/S32DS_ARM_v2.2/S32DS/build_tools/gcc_v4.9/gcc-arm-none-eabi-4_9/arm-none-eabi/newlib/lib/armv7e-m\libc.a(lib_a-atexit.o)
 .debug_frame   0x00001cd0       0x88 D:/NXP/S32DS_ARM_v2.2/S32DS/build_tools/gcc_v4.9/gcc-arm-none-eabi-4_9/arm-none-eabi/newlib/lib/armv7e-m\libc.a(lib_a-dtoa.o)
 .debug_frame   0x00001d58       0x34 D:/NXP/S32DS_ARM_v2.2/S32DS/build_tools/gcc_v4.9/gcc-arm-none-eabi-4_9/arm-none-eabi/newlib/lib/armv7e-m\libc.a(lib_a-fini.o)
 .debug_frame   0x00001d8c       0x9c D:/NXP/S32DS_ARM_v2.2/S32DS/build_tools/gcc_v4.9/gcc-arm-none-eabi-4_9/arm-none-eabi/newlib/lib/armv7e-m\libc.a(lib_a-locale.o)
 .debug_frame   0x00001e28       0x58 D:/NXP/S32DS_ARM_v2.2/S32DS/build_tools/gcc_v4.9/gcc-arm-none-eabi-4_9/arm-none-eabi/newlib/lib/armv7e-m\libc.a(lib_a-mallocr.o)
 .debug_frame   0x00001e80       0x3c D:/NXP/S32DS_ARM_v2.2/S32DS/build_tools/gcc_v4.9/gcc-arm-none-eabi-4_9/arm-none-eabi/newlib/lib/armv7e-m\libc.a(lib_a-memchr.o)
 .debug_frame   0x00001ebc       0x30 D:/NXP/S32DS_ARM_v2.2/S32DS/build_tools/gcc_v4.9/gcc-arm-none-eabi-4_9/arm-none-eabi/newlib/lib/armv7e-m\libc.a(lib_a-mlock.o)
 .debug_frame   0x00001eec      0x268 D:/NXP/S32DS_ARM_v2.2/S32DS/build_tools/gcc_v4.9/gcc-arm-none-eabi-4_9/arm-none-eabi/newlib/lib/armv7e-m\libc.a(lib_a-mprec.o)
 .debug_frame   0x00002154       0x34 D:/NXP/S32DS_ARM_v2.2/S32DS/build_tools/gcc_v4.9/gcc-arm-none-eabi-4_9/arm-none-eabi/newlib/lib/armv7e-m\libc.a(lib_a-s_fpclassify.o)
 .debug_frame   0x00002188       0x2c D:/NXP/S32DS_ARM_v2.2/S32DS/build_tools/gcc_v4.9/gcc-arm-none-eabi-4_9/arm-none-eabi/newlib/lib/armv7e-m\libc.a(lib_a-sbrkr.o)
 .debug_frame   0x000021b4       0x20 D:/NXP/S32DS_ARM_v2.2/S32DS/build_tools/gcc_v4.9/gcc-arm-none-eabi-4_9/arm-none-eabi/newlib/lib/armv7e-m\libc.a(lib_a-strlen.o)
 .debug_frame   0x000021d4       0x78 D:/NXP/S32DS_ARM_v2.2/S32DS/build_tools/gcc_v4.9/gcc-arm-none-eabi-4_9/arm-none-eabi/newlib/lib/armv7e-m\libc.a(lib_a-svfiprintf.o)
 .debug_frame   0x0000224c       0x34 D:/NXP/S32DS_ARM_v2.2/S32DS/build_tools/gcc_v4.9/gcc-arm-none-eabi-4_9/arm-none-eabi/newlib/lib/armv7e-m\libc.a(lib_a-__atexit.o)
 .debug_frame   0x00002280       0x28 D:/NXP/S32DS_ARM_v2.2/S32DS/build_tools/gcc_v4.9/gcc-arm-none-eabi-4_9/arm-none-eabi/newlib/lib/armv7e-m\libc.a(lib_a-callocr.o)
 .debug_frame   0x000022a8       0x74 D:/NXP/S32DS_ARM_v2.2/S32DS/build_tools/gcc_v4.9/gcc-arm-none-eabi-4_9/arm-none-eabi/newlib/lib/armv7e-m\libc.a(lib_a-freer.o)
 .debug_frame   0x0000231c       0x30 D:/NXP/S32DS_ARM_v2.2/S32DS/build_tools/gcc_v4.9/gcc-arm-none-eabi-4_9/arm-none-eabi/newlib/lib/armv7e-m\libc.a(lib_a-memmove.o)
 .debug_frame   0x0000234c       0x60 D:/NXP/S32DS_ARM_v2.2/S32DS/build_tools/gcc_v4.9/gcc-arm-none-eabi-4_9/arm-none-eabi/newlib/lib/armv7e-m\libc.a(lib_a-reallocr.o)
 .debug_frame   0x000023ac       0x58 D:/NXP/S32DS_ARM_v2.2/S32DS/build_tools/gcc_v4.9/gcc-arm-none-eabi-4_9/arm-none-eabi/newlib/lib/armv7e-m\libc.a(lib_a-reent.o)
 .debug_frame   0x00002404       0x28 d:/nxp/s32ds_arm_v2.2/s32ds/build_tools/gcc_v4.9/gcc-arm-none-eabi-4_9/bin/../lib/gcc/arm-none-eabi/4.9.3/armv7e-m\libgcc.a(_aeabi_uldivmod.o)
 .debug_frame   0x0000242c       0x50 d:/nxp/s32ds_arm_v2.2/s32ds/build_tools/gcc_v4.9/gcc-arm-none-eabi-4_9/bin/../lib/gcc/arm-none-eabi/4.9.3/armv7e-m\libgcc.a(bpabi.o)
 .debug_frame   0x0000247c       0x34 d:/nxp/s32ds_arm_v2.2/s32ds/build_tools/gcc_v4.9/gcc-arm-none-eabi-4_9/bin/../lib/gcc/arm-none-eabi/4.9.3/armv7e-m\libgcc.a(_divdi3.o)
 .debug_frame   0x000024b0       0x30 d:/nxp/s32ds_arm_v2.2/s32ds/build_tools/gcc_v4.9/gcc-arm-none-eabi-4_9/bin/../lib/gcc/arm-none-eabi/4.9.3/armv7e-m\libgcc.a(_udivdi3.o)
 .debug_frame   0x000024e0       0x20 D:/NXP/S32DS_ARM_v2.2/S32DS/build_tools/gcc_v4.9/gcc-arm-none-eabi-4_9/arm-none-eabi/newlib/lib/armv7e-m\libnosys.a(sbrk.o)
